Component: ARM Compiler 5.06 update 6 (build 750) Tool: armlink [4d35ed]

==============================================================================

Section Cross References

    startup_stm32f103xb.o(RESET) refers to startup_stm32f103xb.o(STACK) for __initial_sp
    startup_stm32f103xb.o(RESET) refers to startup_stm32f103xb.o(.text) for Reset_Handler
    startup_stm32f103xb.o(RESET) refers to stm32f1xx_it.o(i.NMI_Handler) for NMI_Handler
    startup_stm32f103xb.o(RESET) refers to stm32f1xx_it.o(i.HardFault_Handler) for HardFault_Handler
    startup_stm32f103xb.o(RESET) refers to stm32f1xx_it.o(i.MemManage_Handler) for MemManage_Handler
    startup_stm32f103xb.o(RESET) refers to stm32f1xx_it.o(i.BusFault_Handler) for BusFault_Handler
    startup_stm32f103xb.o(RESET) refers to stm32f1xx_it.o(i.UsageFault_Handler) for UsageFault_Handler
    startup_stm32f103xb.o(RESET) refers to stm32f1xx_it.o(i.SVC_Handler) for SVC_Handler
    startup_stm32f103xb.o(RESET) refers to stm32f1xx_it.o(i.DebugMon_Handler) for DebugMon_Handler
    startup_stm32f103xb.o(RESET) refers to stm32f1xx_it.o(i.PendSV_Handler) for PendSV_Handler
    startup_stm32f103xb.o(RESET) refers to stm32f1xx_it.o(i.SysTick_Handler) for SysTick_Handler
    startup_stm32f103xb.o(RESET) refers to stm32f1xx_it.o(i.EXTI0_IRQHandler) for EXTI0_IRQHandler
    startup_stm32f103xb.o(RESET) refers to stm32f1xx_it.o(i.EXTI1_IRQHandler) for EXTI1_IRQHandler
    startup_stm32f103xb.o(RESET) refers to stm32f1xx_it.o(i.EXTI3_IRQHandler) for EXTI3_IRQHandler
    startup_stm32f103xb.o(RESET) refers to stm32f1xx_it.o(i.EXTI4_IRQHandler) for EXTI4_IRQHandler
    startup_stm32f103xb.o(.text) refers to system_stm32f1xx.o(i.SystemInit) for SystemInit
    startup_stm32f103xb.o(.text) refers to entry.o(.ARM.Collect$$$$00000000) for __main
    nrf24l01.o(i.CE_Disable) refers to stm32f1xx_hal_gpio.o(i.HAL_GPIO_WritePin) for HAL_GPIO_WritePin
    nrf24l01.o(i.CE_Enable) refers to stm32f1xx_hal_gpio.o(i.HAL_GPIO_WritePin) for HAL_GPIO_WritePin
    nrf24l01.o(i.CS_Select) refers to stm32f1xx_hal_gpio.o(i.HAL_GPIO_WritePin) for HAL_GPIO_WritePin
    nrf24l01.o(i.CS_UnSelect) refers to stm32f1xx_hal_gpio.o(i.HAL_GPIO_WritePin) for HAL_GPIO_WritePin
    nrf24l01.o(i.IsDataAvailable) refers to nrf24l01.o(i.nrf24_ReadReg) for nrf24_ReadReg
    nrf24l01.o(i.IsDataAvailable) refers to nrf24l01.o(i.nrf24_WriteReg) for nrf24_WriteReg
    nrf24l01.o(i.NRF24_Init) refers to nrf24l01.o(i.CE_Disable) for CE_Disable
    nrf24l01.o(i.NRF24_Init) refers to nrf24l01.o(i.nrf24_reset) for nrf24_reset
    nrf24l01.o(i.NRF24_Init) refers to nrf24l01.o(i.nrf24_WriteReg) for nrf24_WriteReg
    nrf24l01.o(i.NRF24_Init) refers to nrf24l01.o(i.CE_Enable) for CE_Enable
    nrf24l01.o(i.NRF24_Receive) refers to nrf24l01.o(i.CS_Select) for CS_Select
    nrf24l01.o(i.NRF24_Receive) refers to stm32f1xx_hal_spi.o(i.HAL_SPI_Transmit) for HAL_SPI_Transmit
    nrf24l01.o(i.NRF24_Receive) refers to stm32f1xx_hal_spi.o(i.HAL_SPI_Receive) for HAL_SPI_Receive
    nrf24l01.o(i.NRF24_Receive) refers to nrf24l01.o(i.CS_UnSelect) for CS_UnSelect
    nrf24l01.o(i.NRF24_Receive) refers to stm32f1xx_hal.o(i.HAL_Delay) for HAL_Delay
    nrf24l01.o(i.NRF24_Receive) refers to nrf24l01.o(i.nrfsendCmd) for nrfsendCmd
    nrf24l01.o(i.NRF24_Receive) refers to main.o(.bss) for hspi1
    nrf24l01.o(i.NRF24_RxMode) refers to nrf24l01.o(i.CE_Disable) for CE_Disable
    nrf24l01.o(i.NRF24_RxMode) refers to nrf24l01.o(i.nrf24_reset) for nrf24_reset
    nrf24l01.o(i.NRF24_RxMode) refers to nrf24l01.o(i.nrf24_WriteReg) for nrf24_WriteReg
    nrf24l01.o(i.NRF24_RxMode) refers to nrf24l01.o(i.nrf24_ReadReg) for nrf24_ReadReg
    nrf24l01.o(i.NRF24_RxMode) refers to nrf24l01.o(i.nrf24_WriteRegMulti) for nrf24_WriteRegMulti
    nrf24l01.o(i.NRF24_RxMode) refers to nrf24l01.o(i.CE_Enable) for CE_Enable
    nrf24l01.o(i.NRF24_Transmit) refers to nrf24l01.o(i.CS_Select) for CS_Select
    nrf24l01.o(i.NRF24_Transmit) refers to stm32f1xx_hal_spi.o(i.HAL_SPI_Transmit) for HAL_SPI_Transmit
    nrf24l01.o(i.NRF24_Transmit) refers to nrf24l01.o(i.CS_UnSelect) for CS_UnSelect
    nrf24l01.o(i.NRF24_Transmit) refers to stm32f1xx_hal.o(i.HAL_Delay) for HAL_Delay
    nrf24l01.o(i.NRF24_Transmit) refers to nrf24l01.o(i.nrf24_ReadReg) for nrf24_ReadReg
    nrf24l01.o(i.NRF24_Transmit) refers to nrf24l01.o(i.nrfsendCmd) for nrfsendCmd
    nrf24l01.o(i.NRF24_Transmit) refers to nrf24l01.o(i.nrf24_reset) for nrf24_reset
    nrf24l01.o(i.NRF24_Transmit) refers to main.o(.bss) for hspi1
    nrf24l01.o(i.NRF24_TxMode) refers to nrf24l01.o(i.CE_Disable) for CE_Disable
    nrf24l01.o(i.NRF24_TxMode) refers to nrf24l01.o(i.nrf24_WriteReg) for nrf24_WriteReg
    nrf24l01.o(i.NRF24_TxMode) refers to nrf24l01.o(i.nrf24_WriteRegMulti) for nrf24_WriteRegMulti
    nrf24l01.o(i.NRF24_TxMode) refers to nrf24l01.o(i.nrf24_ReadReg) for nrf24_ReadReg
    nrf24l01.o(i.NRF24_TxMode) refers to nrf24l01.o(i.CE_Enable) for CE_Enable
[...]
    .ARM.Collect$$$$0000000B                 0x080000f4   Section        8  entry9a.o(.ARM.Collect$$$$0000000B)
    .ARM.Collect$$$$0000000D                 0x080000fc   Section        0  entry10a.o(.ARM.Collect$$$$0000000D)
    .ARM.Collect$$$$0000000F                 0x080000fc   Section        0  entry11a.o(.ARM.Collect$$$$0000000F)
    .ARM.Collect$$$$00002712                 0x080000fc   Section        4  entry2.o(.ARM.Collect$$$$00002712)
    __lit__00000000                          0x080000fc   Data           4  entry2.o(.ARM.Collect$$$$00002712)
    .text                                    0x08000100   Section       36  startup_stm32f103xb.o(.text)
    .text                                    0x08000124   Section        0  llushr.o(.text)
    .text                                    0x08000144   Section        0  tolower.o(.text)
    .text                                    0x08000150   Section        0  memcpya.o(.text)
    .text                                    0x08000174   Section        0  memseta.o(.text)
    .text                                    0x08000198   Section        0  strcat.o(.text)
    .text                                    0x080001b0   Section        0  strlen.o(.text)
    .text                                    0x080001be   Section        0  strcmp.o(.text)
    .text                                    0x080001da   Section        0  strncmp.o(.text)
    .text                                    0x080001f8   Section        0  scanf_fp.o(.text)
    _fp_value                                0x080001f9   Thumb Code   296  scanf_fp.o(.text)
    .text                                    0x08000558   Section        0  atoi.o(.text)
    .text                                    0x08000572   Section        0  fscalb.o(.text)
    .text                                    0x0800058a   Section        0  dadd.o(.text)
    .text                                    0x080006d8   Section        0  dmul.o(.text)
    .text                                    0x080007bc   Section        0  ddiv.o(.text)
    .text                                    0x0800089a   Section        0  ffltui.o(.text)
    .text                                    0x080008a4   Section        0  ffixi.o(.text)
    .text                                    0x080008d6   Section        0  dfixi.o(.text)
    .text                                    0x08000914   Section        0  f2d.o(.text)
    .text                                    0x0800093c   Section       48  cdcmple.o(.text)
    .text                                    0x0800096c   Section       48  cdrcmple.o(.text)
    .text                                    0x0800099c   Section        0  d2f.o(.text)
    .text                                    0x080009d4   Section        0  uidiv.o(.text)
    .text                                    0x08000a00   Section        0  uldiv.o(.text)
    .text                                    0x08000a62   Section        0  llshl.o(.text)
    .text                                    0x08000a80   Section        0  llsshr.o(.text)
    .text                                    0x08000aa4   Section        0  _sgetc.o(.text)
    .text                                    0x08000ae4   Section        0  strtod.o(.text)
    _local_sscanf                            0x08000ae5   Thumb Code    54  strtod.o(.text)
    .text                                    0x08000b80   Section        0  strtol.o(.text)
    .text                                    0x08000bf0   Section        0  fepilogue.o(.text)
    .text                                    0x08000bf0   Section        0  iusefp.o(.text)
    .text                                    0x08000c5e   Section        0  depilogue.o(.text)
    .text                                    0x08000d18   Section        0  dfltul.o(.text)
    .text                                    0x08000d30   Section        0  dfixul.o(.text)
    .text                                    0x08000d60   Section       36  init.o(.text)
    .text                                    0x08000d84   Section        0  ctype_o.o(.text)
    .text                                    0x08000d8c   Section        0  isspace_o.o(.text)
    .text                                    0x08000d9e   Section        0  _strtoul.o(.text)
    .text                                    0x08000e3c   Section        0  _chval.o(.text)
    i.ADC_ConversionStop_Disable             0x08000e58   Section        0  stm32f1xx_hal_adc.o(i.ADC_ConversionStop_Disable)
    i.ADC_Enable                             0x08000eb0   Section        0  stm32f1xx_hal_adc.o(i.ADC_Enable)
    i.BusFault_Handler                       0x08000f2c   Section        0  stm32f1xx_it.o(i.BusFault_Handler)
    i.CE_Disable                             0x08000f30   Section        0  nrf24l01.o(i.CE_Disable)
    i.CE_Enable                              0x08000f40   Section        0  nrf24l01.o(i.CE_Enable)
    i.CS_Select                              0x08000f50   Section        0  nrf24l01.o(i.CS_Select)
    i.CS_UnSelect                            0x08000f60   Section        0  nrf24l01.o(i.CS_UnSelect)
    i.DebugMon_Handler                       0x08000f70   Section        0  stm32f1xx_it.o(i.DebugMon_Handler)
    i.EXTI0_IRQHandler                       0x08000f72   Section        0  stm32f1xx_it.o(i.EXTI0_IRQHandler)
    i.EXTI1_IRQHandler                       0x08000f78   Section        0  stm32f1xx_it.o(i.EXTI1_IRQHandler)
    i.EXTI3_IRQHandler                       0x08000f7e   Section        0  stm32f1xx_it.o(i.EXTI3_IRQHandler)
    i.EXTI4_IRQHandler                       0x08000f84   Section        0  stm32f1xx_it.o(i.EXTI4_IRQHandler)
    i.HAL_ADC_ConfigChannel                  0x08000f8c   Section        0  stm32f1xx_hal_adc.o(i.HAL_ADC_ConfigChannel)
    i.HAL_ADC_GetValue                       0x08001088   Section        0  stm32f1xx_hal_adc.o(i.HAL_ADC_GetValue)
    i.HAL_ADC_Init                           0x08001090   Section        0  stm32f1xx_hal_adc.o(i.HAL_ADC_Init)
    i.HAL_ADC_MspInit                        0x080011ac   Section        0  stm32f1xx_hal_msp.o(i.HAL_ADC_MspInit)
    i.HAL_ADC_Start                          0x08001204   Section        0  stm32f1xx_hal_adc.o(i.HAL_ADC_Start)
    i.HAL_Delay                              0x080012c4   Section        0  stm32f1xx_hal.o(i.HAL_Delay)
    i.HAL_GPIO_EXTI_Callback                 0x080012e8   Section        0  main.o(i.HAL_GPIO_EXTI_Callback)
    i.HAL_GPIO_EXTI_IRQHandler               0x08001434   Section        0  stm32f1xx_hal_gpio.o(i.HAL_GPIO_EXTI_IRQHandler)
    i.HAL_GPIO_Init                          0x0800144c   Section        0  stm32f1xx_hal_gpio.o(i.HAL_GPIO_Init)
    i.HAL_GPIO_ReadPin                       0x0800162c   Section        0  stm32f1xx_hal_gpio.o(i.HAL_GPIO_ReadPin)
    i.HAL_GPIO_TogglePin                     0x08001636   Section        0  stm32f1xx_hal_gpio.o(i.HAL_GPIO_TogglePin)
    i.HAL_GPIO_WritePin                      0x08001646   Section        0  stm32f1xx_hal_gpio.o(i.HAL_GPIO_WritePin)
    i.HAL_GetTick                            0x08001650   Section        0  stm32f1xx_hal.o(i.HAL_GetTick)
    i.HAL_I2C_Init                           0x0800165c   Section        0  stm32f1xx_hal_i2c.o(i.HAL_I2C_Init)
    i.HAL_I2C_Master_Transmit                0x080017e4   Section        0  stm32f1xx_hal_i2c.o(i.HAL_I2C_Master_Transmit)
    i.HAL_I2C_MspInit                        0x08001910   Section        0  stm32f1xx_hal_msp.o(i.HAL_I2C_MspInit)
    i.HAL_IncTick                            0x0800196c   Section        0  stm32f1xx_hal.o(i.HAL_IncTick)
    i.HAL_Init                               0x0800197c   Section        0  stm32f1xx_hal.o(i.HAL_Init)
    i.HAL_InitTick                           0x080019a0   Section        0  stm32f1xx_hal.o(i.HAL_InitTick)
    i.HAL_MspInit                            0x080019e0   Section        0  stm32f1xx_hal_msp.o(i.HAL_MspInit)
    i.HAL_NVIC_EnableIRQ                     0x08001a1c   Section        0  stm32f1xx_hal_cortex.o(i.HAL_NVIC_EnableIRQ)
    i.HAL_NVIC_SetPriority                   0x08001a38   Section        0  stm32f1xx_hal_cortex.o(i.HAL_NVIC_SetPriority)
    i.HAL_NVIC_SetPriorityGrouping           0x08001a78   Section        0  stm32f1xx_hal_cortex.o(i.HAL_NVIC_SetPriorityGrouping)
    i.HAL_PWR_EnterSLEEPMode                 0x08001a9c   Section        0  stm32f1xx_hal_pwr.o(i.HAL_PWR_EnterSLEEPMode)
    i.HAL_RCCEx_PeriphCLKConfig              0x08001abc   Section        0  stm32f1xx_hal_rcc_ex.o(i.HAL_RCCEx_PeriphCLKConfig)
    i.HAL_RCC_ClockConfig                    0x08001ba8   Section        0  stm32f1xx_hal_rcc.o(i.HAL_RCC_ClockConfig)
    i.HAL_RCC_GetPCLK1Freq                   0x08001cd4   Section        0  stm32f1xx_hal_rcc.o(i.HAL_RCC_GetPCLK1Freq)
    i.HAL_RCC_GetPCLK2Freq                   0x08001cf4   Section        0  stm32f1xx_hal_rcc.o(i.HAL_RCC_GetPCLK2Freq)
    i.HAL_RCC_GetSysClockFreq                0x08001d14   Section        0  stm32f1xx_hal_rcc.o(i.HAL_RCC_GetSysClockFreq)
    i.HAL_RCC_OscConfig                      0x08001d80   Section        0  stm32f1xx_hal_rcc.o(i.HAL_RCC_OscConfig)
    i.HAL_ResumeTick                         0x080020a0   Section        0  stm32f1xx_hal.o(i.HAL_ResumeTick)
    i.HAL_SPI_Init                           0x080020ae   Section        0  stm32f1xx_hal_spi.o(i.HAL_SPI_Init)
    i.HAL_SPI_MspInit                        0x08002160   Section        0  stm32f1xx_hal_msp.o(i.HAL_SPI_MspInit)
    i.HAL_SPI_Receive                        0x080021d0   Section        0  stm32f1xx_hal_spi.o(i.HAL_SPI_Receive)
    i.HAL_SPI_Transmit                       0x0800232a   Section        0  stm32f1xx_hal_spi.o(i.HAL_SPI_Transmit)
    i.HAL_SPI_TransmitReceive                0x08002490   Section        0  stm32f1xx_hal_spi.o(i.HAL_SPI_TransmitReceive)
    i.HAL_SYSTICK_Config                     0x08002672   Section        0  stm32f1xx_hal_cortex.o(i.HAL_SYSTICK_Config)
    i.HAL_SuspendTick                        0x0800269a   Section        0  stm32f1xx_hal.o(i.HAL_SuspendTick)
    i.HAL_TIMEx_MasterConfigSynchronization  0x080026a8   Section        0  stm32f1xx_hal_tim_ex.o(i.HAL_TIMEx_MasterConfigSynchronization)
    i.HAL_TIM_Base_Init                      0x08002710   Section        0  stm32f1xx_hal_tim.o(i.HAL_TIM_Base_Init)
    i.HAL_TIM_Base_MspInit                   0x0800276c   Section        0  stm32f1xx_hal_msp.o(i.HAL_TIM_Base_MspInit)
    i.HAL_TIM_Base_Start                     0x080027a8   Section        0  stm32f1xx_hal_tim.o(i.HAL_TIM_Base_Start)
    i.HAL_TIM_ConfigClockSource              0x080027f8   Section        0  stm32f1xx_hal_tim.o(i.HAL_TIM_ConfigClockSource)
    i.HAL_UART_Init                          0x080028ce   Section        0  stm32f1xx_hal_uart.o(i.HAL_UART_Init)
    i.HAL_UART_MspInit                       0x08002930   Section        0  stm32f1xx_hal_msp.o(i.HAL_UART_MspInit)
    i.HAL_UART_Transmit                      0x080029a0   Section        0  stm32f1xx_hal_uart.o(i.HAL_UART_Transmit)
    i.HardFault_Handler                      0x08002a52   Section        0  stm32f1xx_it.o(i.HardFault_Handler)
    i.I2C_IsAcknowledgeFailed                0x08002a54   Section        0  stm32f1xx_hal_i2c.o(i.I2C_IsAcknowledgeFailed)
    I2C_IsAcknowledgeFailed                  0x08002a55   Thumb Code    46  stm32f1xx_hal_i2c.o(i.I2C_IsAcknowledgeFailed)
    i.I2C_MasterRequestWrite                 0x08002a84   Section        0  stm32f1xx_hal_i2c.o(i.I2C_MasterRequestWrite)
    I2C_MasterRequestWrite                   0x08002a85   Thumb Code   150  stm32f1xx_hal_i2c.o(i.I2C_MasterRequestWrite)
    i.I2C_WaitOnBTFFlagUntilTimeout          0x08002b20   Section        0  stm32f1xx_hal_i2c.o(i.I2C_WaitOnBTFFlagUntilTimeout)
    I2C_WaitOnBTFFlagUntilTimeout            0x08002b21   Thumb Code    76  stm32f1xx_hal_i2c.o(i.I2C_WaitOnBTFFlagUntilTimeout)
    i.I2C_WaitOnFlagUntilTimeout             0x08002b6c   Section        0  stm32f1xx_hal_i2c.o(i.I2C_WaitOnFlagUntilTimeout)
    I2C_WaitOnFlagUntilTimeout               0x08002b6d   Thumb Code   104  stm32f1xx_hal_i2c.o(i.I2C_WaitOnFlagUntilTimeout)
    i.I2C_WaitOnMasterAddressFlagUntilTimeout 0x08002bd4   Section        0  stm32f1xx_hal_i2c.o(i.I2C_WaitOnMasterAddressFlagUntilTimeout)
    I2C_WaitOnMasterAddressFlagUntilTimeout  0x08002bd5   Thumb Code   150  stm32f1xx_hal_i2c.o(i.I2C_WaitOnMasterAddressFlagUntilTimeout)
    i.I2C_WaitOnTXEFlagUntilTimeout          0x08002c6a   Section        0  stm32f1xx_hal_i2c.o(i.I2C_WaitOnTXEFlagUntilTimeout)
    I2C_WaitOnTXEFlagUntilTimeout            0x08002c6b   Thumb Code    76  stm32f1xx_hal_i2c.o(i.I2C_WaitOnTXEFlagUntilTimeout)
    i.IsDataAvailable                        0x08002cb6   Section        0  nrf24l01.o(i.IsDataAvailable)
    i.Lcdtrangchu                            0x08002cdc   Section        0  main.o(i.Lcdtrangchu)
    i.MX_ADC1_Init                           0x08002d60   Section        0  main.o(i.MX_ADC1_Init)
    MX_ADC1_Init                             0x08002d61   Thumb Code    68  main.o(i.MX_ADC1_Init)
    i.MX_GPIO_Init                           0x08002dac   Section        0  main.o(i.MX_GPIO_Init)
    MX_GPIO_Init                             0x08002dad   Thumb Code   226  main.o(i.MX_GPIO_Init)
    i.MX_SPI1_Init                           0x08002ea0   Section        0  main.o(i.MX_SPI1_Init)
    MX_SPI1_Init                             0x08002ea1   Thumb Code    58  main.o(i.MX_SPI1_Init)
    i.MX_TIM2_Init                           0x08002ee4   Section        0  main.o(i.MX_TIM2_Init)
    MX_TIM2_Init                             0x08002ee5   Thumb Code    96  main.o(i.MX_TIM2_Init)
    i.MX_TIM4_Init                           0x08002f48   Section        0  main.o(i.MX_TIM4_Init)
    MX_TIM4_Init                             0x08002f49   Thumb Code    96  main.o(i.MX_TIM4_Init)
    i.MemManage_Handler                      0x08002fb0   Section        0  stm32f1xx_it.o(i.MemManage_Handler)
    i.NMI_Handler                            0x08002fb2   Section        0  stm32f1xx_it.o(i.NMI_Handler)
    i.NRF24_Init                             0x08002fb4   Section        0  nrf24l01.o(i.NRF24_Init)
    i.NRF24_Receive                          0x08003000   Section        0  nrf24l01.o(i.NRF24_Receive)
    i.NRF24_RxMode                           0x08003048   Section        0  nrf24l01.o(i.NRF24_RxMode)
    i.ParseData                              0x080030ac   Section        0  main.o(i.ParseData)
    i.PendSV_Handler                         0x08003160   Section        0  stm32f1xx_it.o(i.PendSV_Handler)
    i.SPI_EndRxTransaction                   0x08003162   Section        0  stm32f1xx_hal_spi.o(i.SPI_EndRxTransaction)
    SPI_EndRxTransaction                     0x08003163   Thumb Code    92  stm32f1xx_hal_spi.o(i.SPI_EndRxTransaction)
    i.SPI_EndRxTxTransaction                 0x080031be   Section        0  stm32f1xx_hal_spi.o(i.SPI_EndRxTxTransaction)
    SPI_EndRxTxTransaction                   0x080031bf   Thumb Code    32  stm32f1xx_hal_spi.o(i.SPI_EndRxTxTransaction)
    i.SPI_WaitFlagStateUntilTimeout          0x080031e0   Section        0  stm32f1xx_hal_spi.o(i.SPI_WaitFlagStateUntilTimeout)
    SPI_WaitFlagStateUntilTimeout            0x080031e1   Thumb Code   180  stm32f1xx_hal_spi.o(i.SPI_WaitFlagStateUntilTimeout)
    i.SVC_Handler                            0x08003298   Section        0  stm32f1xx_it.o(i.SVC_Handler)
    i.SysTick_Handler                        0x0800329a   Section        0  stm32f1xx_it.o(i.SysTick_Handler)
    i.SystemClock_Config                     0x0800329e   Section        0  main.o(i.SystemClock_Config)
    i.SystemInit                             0x08003316   Section        0  system_stm32f1xx.o(i.SystemInit)
    i.TIM_Base_SetConfig                     0x08003318   Section        0  stm32f1xx_hal_tim.o(i.TIM_Base_SetConfig)
    i.TIM_ETR_SetConfig                      0x08003384   Section        0  stm32f1xx_hal_tim.o(i.TIM_ETR_SetConfig)
    i.TIM_ITRx_SetConfig                     0x08003398   Section        0  stm32f1xx_hal_tim.o(i.TIM_ITRx_SetConfig)
    TIM_ITRx_SetConfig                       0x08003399   Thumb Code    16  stm32f1xx_hal_tim.o(i.TIM_ITRx_SetConfig)
    i.TIM_TI1_ConfigInputStage               0x080033a8   Section        0  stm32f1xx_hal_tim.o(i.TIM_TI1_ConfigInputStage)
    TIM_TI1_ConfigInputStage                 0x080033a9   Thumb Code    34  stm32f1xx_hal_tim.o(i.TIM_TI1_ConfigInputStage)
    i.TIM_TI2_ConfigInputStage               0x080033ca   Section        0  stm32f1xx_hal_tim.o(i.TIM_TI2_ConfigInputStage)
    TIM_TI2_ConfigInputStage                 0x080033cb   Thumb Code    36  stm32f1xx_hal_tim.o(i.TIM_TI2_ConfigInputStage)
    i.UART_SetConfig                         0x080033f0   Section        0  stm32f1xx_hal_uart.o(i.UART_SetConfig)
    UART_SetConfig                           0x080033f1   Thumb Code   178  stm32f1xx_hal_uart.o(i.UART_SetConfig)
    i.UART_WaitOnFlagUntilTimeout            0x080034a8   Section        0  stm32f1xx_hal_uart.o(i.UART_WaitOnFlagUntilTimeout)
    UART_WaitOnFlagUntilTimeout              0x080034a9   Thumb Code   100  stm32f1xx_hal_uart.o(i.UART_WaitOnFlagUntilTimeout)
    i.UsageFault_Handler                     0x0800350c   Section        0  stm32f1xx_it.o(i.UsageFault_Handler)
    i.XuLyJSON1                              0x08003510   Section        0  main.o(i.XuLyJSON1)
    i.XuLyJSON2                              0x080035b4   Section        0  main.o(i.XuLyJSON2)
    i.XuLyJSON3                              0x08003658   Section        0  main.o(i.XuLyJSON3)
    i.__0printf                              0x080036fc   Section        0  printfa.o(i.__0printf)
    i.__0sprintf                             0x0800371c   Section        0  printfa.o(i.__0sprintf)
    i.__NVIC_SetPriority                     0x08003744   Section        0  stm32f1xx_hal_cortex.o(i.__NVIC_SetPriority)
    __NVIC_SetPriority                       0x08003745   Thumb Code    32  stm32f1xx_hal_cortex.o(i.__NVIC_SetPriority)
    i.__aeabi_errno_addr                     0x08003764   Section        0  errno.o(i.__aeabi_errno_addr)
    i.__free$realloc                         0x0800376c   Section        0  mallocr.o(i.__free$realloc)
    i.__malloc$realloc                       0x080037c8   Section        0  mallocr.o(i.__malloc$realloc)
    i.__scatterload_copy                     0x08003818   Section       14  handlers.o(i.__scatterload_copy)
    i.__scatterload_null                     0x08003826   Section        2  handlers.o(i.__scatterload_null)
    i.__scatterload_zeroinit                 0x08003828   Section       14  handlers.o(i.__scatterload_zeroinit)
    i._fp_digits                             0x08003838   Section        0  printfa.o(i._fp_digits)
    _fp_digits                               0x08003839   Thumb Code   366  printfa.o(i._fp_digits)
    i._is_digit                              0x080039bc   Section        0  scanf_fp.o(i._is_digit)
    i._printf_core                           0x080039cc   Section        0  printfa.o(i._printf_core)
    _printf_core                             0x080039cd   Thumb Code  1744  printfa.o(i._printf_core)
    i._printf_post_padding                   0x080040a8   Section        0  printfa.o(i._printf_post_padding)
    _printf_post_padding                     0x080040a9   Thumb Code    36  printfa.o(i._printf_post_padding)
    i._printf_pre_padding                    0x080040cc   Section        0  printfa.o(i._printf_pre_padding)
    _printf_pre_padding                      0x080040cd   Thumb Code    46  printfa.o(i._printf_pre_padding)
    i._sputc                                 0x080040fa   Section        0  printfa.o(i._sputc)
    _sputc                                   0x080040fb   Thumb Code    10  printfa.o(i._sputc)
    i.buffer_skip_whitespace                 0x08004104   Section        0  cjson.o(i.buffer_skip_whitespace)
    buffer_skip_whitespace                   0x08004105   Thumb Code    48  cjson.o(i.buffer_skip_whitespace)
    i.cJSON_Delete                           0x08004134   Section        0  cjson.o(i.cJSON_Delete)
    i.cJSON_GetObjectItem                    0x0800417c   Section        0  cjson.o(i.cJSON_GetObjectItem)
    i.cJSON_New_Item                         0x08004182   Section        0  cjson.o(i.cJSON_New_Item)
    cJSON_New_Item                           0x08004183   Thumb Code    22  cjson.o(i.cJSON_New_Item)
    i.cJSON_Parse                            0x08004198   Section        0  cjson.o(i.cJSON_Parse)
    i.cJSON_ParseWithLengthOpts              0x080041a0   Section        0  cjson.o(i.cJSON_ParseWithLengthOpts)
    i.cJSON_ParseWithOpts                    0x0800427c   Section        0  cjson.o(i.cJSON_ParseWithOpts)
    i.check_response                         0x080042a0   Section        0  main.o(i.check_response)
    i.delay                                  0x080042dc   Section        0  main.o(i.delay)
    i.dht11_init                             0x080042f4   Section        0  main.o(i.dht11_init)
    i.fputc                                  0x08004334   Section        0  main.o(i.fputc)
    i.get_object_item                        0x0800434c   Section        0  cjson.o(i.get_object_item)
    get_object_item                          0x0800434d   Thumb Code   122  cjson.o(i.get_object_item)
    i.getdata                                0x080043c8   Section        0  main.o(i.getdata)
    i.internal_alloc                         0x08004470   Section        0  mallocr.o(i.internal_alloc)
    internal_alloc                           0x08004471   Thumb Code    76  mallocr.o(i.internal_alloc)
    i.lcd_clear                              0x080044c0   Section        0  i2c-lcd.o(i.lcd_clear)
    i.lcd_init                               0x080044d2   Section        0  i2c-lcd.o(i.lcd_init)
    i.lcd_put_cur                            0x0800454a   Section        0  i2c-lcd.o(i.lcd_put_cur)
    i.lcd_send_cmd                           0x08004578   Section        0  i2c-lcd.o(i.lcd_send_cmd)
    i.lcd_send_data                          0x080045b8   Section        0  i2c-lcd.o(i.lcd_send_data)
    i.lcd_send_string                        0x080045f8   Section        0  i2c-lcd.o(i.lcd_send_string)
    i.lcdnode1                               0x0800460c   Section        0  main.o(i.lcdnode1)
    i.lcdnode2                               0x080046a0   Section        0  main.o(i.lcdnode2)
    i.lcdnode3                               0x08004734   Section        0  main.o(i.lcdnode3)
    i.main                                   0x080047c8   Section        0  main.o(i.main)
    i.nrf24_ReadReg                          0x0800487c   Section        0  nrf24l01.o(i.nrf24_ReadReg)
    i.nrf24_WriteReg                         0x080048b0   Section        0  nrf24l01.o(i.nrf24_WriteReg)
    i.nrf24_WriteRegMulti                    0x080048dc   Section        0  nrf24l01.o(i.nrf24_WriteRegMulti)
    i.nrf24_reset                            0x08004914   Section        0  nrf24l01.o(i.nrf24_reset)
    i.nrfsendCmd                             0x08004a40   Section        0  nrf24l01.o(i.nrfsendCmd)
    i.parse_array                            0x08004a5c   Section        0  cjson.o(i.parse_array)
    parse_array                              0x08004a5d   Thumb Code   208  cjson.o(i.parse_array)
    i.parse_hex4                             0x08004b2c   Section        0  cjson.o(i.parse_hex4)
    parse_hex4                               0x08004b2d   Thumb Code    64  cjson.o(i.parse_hex4)
    i.parse_number                           0x08004b6c   Section        0  cjson.o(i.parse_number)
    parse_number                             0x08004b6d   Thumb Code   228  cjson.o(i.parse_number)
    i.parse_object                           0x08004c5c   Section        0  cjson.o(i.parse_object)
    parse_object                             0x08004c5d   Thumb Code   266  cjson.o(i.parse_object)
    i.parse_string                           0x08004d66   Section        0  cjson.o(i.parse_string)
    parse_string                             0x08004d67   Thumb Code   268  cjson.o(i.parse_string)
    i.parse_value                            0x08004e74   Section        0  cjson.o(i.parse_value)
    parse_value                              0x08004e75   Thumb Code   226  cjson.o(i.parse_value)
    i.read                                   0x08004f70   Section        0  main.o(i.read)
    i.realloc                                0x08004fcc   Section        0  mallocr.o(i.realloc)
    i.set_pin_input                          0x08005038   Section        0  main.o(i.set_pin_input)
    i.set_pin_output                         0x0800504c   Section        0  main.o(i.set_pin_output)
    i.strtod                                 0x08005064   Section        0  strtod.o(i.strtod)
    i.utf16_literal_to_utf8                  0x08005080   Section        0  cjson.o(i.utf16_literal_to_utf8)
    utf16_literal_to_utf8                    0x08005081   Thumb Code   210  cjson.o(i.utf16_literal_to_utf8)
    .constdata                               0x08005152   Section       16  system_stm32f1xx.o(.constdata)
    .constdata                               0x08005162   Section        8  system_stm32f1xx.o(.constdata)
    .constdata                               0x0800516a   Section      129  ctype_o.o(.constdata)
    .constdata                               0x080051ec   Section        4  ctype_o.o(.constdata)
    table                                    0x080051ec   Data           4  ctype_o.o(.constdata)
    .data                                    0x20000000   Section       20  cjson.o(.data)
    global_error                             0x20000000   Data           8  cjson.o(.data)
    global_hooks                             0x20000008   Data          12  cjson.o(.data)
    .data                                    0x20000014   Section      109  main.o(.data)
    .data                                    0x20000084   Section       12  stm32f1xx_hal.o(.data)
    .data                                    0x20000090   Section        4  system_stm32f1xx.o(.data)
    .data                                    0x20000094   Section        4  stdout.o(.data)
    .data                                    0x20000098   Section        4  mvars.o(.data)
    .data                                    0x2000009c   Section        4  mvars.o(.data)
    .data                                    0x200000a0   Section        4  errno.o(.data)
    _errno                                   0x200000a0   Data           4  errno.o(.data)
    .bss                                     0x200000a4   Section      528  main.o(.bss)
    HEAP                                     0x200002b8   Section      512  startup_stm32f103xb.o(HEAP)
    STACK                                    0x200004b8   Section     1024  startup_stm32f103xb.o(STACK)

    Global Symbols

    Symbol Name                              Value     Ov Type        Size  Object(Section)

    BuildAttributes$$THM_ISAv4$P$D$K$B$S$PE$A:L22UL41UL21$X:L11$S22US41US21$IEEE1$IW$USESV6$~STKCKD$USESV7$~SHL$OTIME$ROPI$IEEEJ$EBA8$MICROLIB$REQ8$PRES8$EABIv2 0x00000000   Number         0  anon$$obj.o ABSOLUTE
    __ARM_use_no_argv                        0x00000000   Number         0  main.o ABSOLUTE
    _printf_a                                0x00000000   Number         0  stubs.o ABSOLUTE
    _printf_c                                0x00000000   Number         0  stubs.o ABSOLUTE
    _printf_charcount                        0x00000000   Number         0  stubs.o ABSOLUTE
    _printf_d                                0x00000000   Number         0  stubs.o ABSOLUTE
    _printf_e                                0x00000000   Number         0  stubs.o ABSOLUTE
    _printf_f                                0x00000000   Number         0  stubs.o ABSOLUTE
    _printf_flags                            0x00000000   Number         0  stubs.o ABSOLUTE
    _printf_fp_dec                           0x00000000   Number         0  stubs.o ABSOLUTE
    _printf_fp_hex                           0x00000000   Number         0  stubs.o ABSOLUTE
    _printf_g                                0x00000000   Number         0  stubs.o ABSOLUTE
    _printf_i                                0x00000000   Number         0  stubs.o ABSOLUTE
    _printf_int_dec                          0x00000000   Number         0  stubs.o ABSOLUTE
    _printf_l                                0x00000000   Number         0  stubs.o ABSOLUTE
    _printf_lc                               0x00000000   Number         0  stubs.o ABSOLUTE
    _printf_ll                               0x00000000   Number         0  stubs.o ABSOLUTE
    _printf_lld                              0x00000000   Number         0  stubs.o ABSOLUTE
    _printf_lli                              0x00000000   Number         0  stubs.o ABSOLUTE
    _printf_llo                              0x00000000   Number         0  stubs.o ABSOLUTE
    _printf_llu                              0x00000000   Number         0  stubs.o ABSOLUTE
    _printf_llx                              0x00000000   Number         0  stubs.o ABSOLUTE
    _printf_longlong_dec                     0x00000000   Number         0  stubs.o ABSOLUTE
    _printf_longlong_hex                     0x00000000   Number         0  stubs.o ABSOLUTE
    _printf_longlong_oct                     0x00000000   Number         0  stubs.o ABSOLUTE
    _printf_ls                               0x00000000   Number         0  stubs.o ABSOLUTE
    _printf_mbtowc                           0x00000000   Number         0  stubs.o ABSOLUTE
    _printf_n                                0x00000000   Number         0  stubs.o ABSOLUTE
    _printf_o                                0x00000000   Number         0  stubs.o ABSOLUTE
    _printf_p                                0x00000000   Number         0  stubs.o ABSOLUTE
    _printf_percent                          0x00000000   Number         0  stubs.o ABSOLUTE
    _printf_pre_padding                      0x00000000   Number         0  stubs.o ABSOLUTE
    _printf_return_value                     0x00000000   Number         0  stubs.o ABSOLUTE
    _printf_s                                0x00000000   Number         0  stubs.o ABSOLUTE
    _printf_sizespec                         0x00000000   Number         0  stubs.o ABSOLUTE
    _printf_str                              0x00000000   Number         0  stubs.o ABSOLUTE
    _printf_truncate_signed                  0x00000000   Number         0  stubs.o ABSOLUTE
    _printf_truncate_unsigned                0x00000000   Number         0  stubs.o ABSOLUTE
    _printf_u                                0x00000000   Number         0  stubs.o ABSOLUTE
    _printf_wc                               0x00000000   Number         0  stubs.o ABSOLUTE
    _printf_wctomb                           0x00000000   Number         0  stubs.o ABSOLUTE
    _printf_widthprec                        0x00000000   Number         0  stubs.o ABSOLUTE
    _printf_x                                0x00000000   Number         0  stubs.o ABSOLUTE
    __cpp_initialize__aeabi_                  - Undefined Weak Reference
    __cxa_finalize                            - Undefined Weak Reference
    __decompress                              - Undefined Weak Reference
    _clock_init                               - Undefined Weak Reference
    _microlib_exit                            - Undefined Weak Reference
    _scanf_int                                - Undefined Weak Reference
    _scanf_longlong                           - Undefined Weak Reference
    _scanf_string                             - Undefined Weak Reference
    __Vectors_Size                           0x000000ec   Number         0  startup_stm32f103xb.o ABSOLUTE
    __Vectors                                0x08000000   Data           4  startup_stm32f103xb.o(RESET)
    __Vectors_End                            0x080000ec   Data           0  startup_stm32f103xb.o(RESET)
    __main                                   0x080000ed   Thumb Code     0  entry.o(.ARM.Collect$$$$00000000)
    _main_stk                                0x080000ed   Thumb Code     0  entry2.o(.ARM.Collect$$$$00000001)
    _main_scatterload                        0x080000f1   Thumb Code     0  entry5.o(.ARM.Collect$$$$00000004)
    __main_after_scatterload                 0x080000f5   Thumb Code     0  entry5.o(.ARM.Collect$$$$00000004)
    _main_clock                              0x080000f5   Thumb Code     0  entry7b.o(.ARM.Collect$$$$00000008)
    _main_cpp_init                           0x080000f5   Thumb Code     0  entry8b.o(.ARM.Collect$$$$0000000A)
    _main_init                               0x080000f5   Thumb Code     0  entry9a.o(.ARM.Collect$$$$0000000B)
    __rt_final_cpp                           0x080000fd   Thumb Code     0  entry10a.o(.ARM.Collect$$$$0000000D)
    __rt_final_exit                          0x080000fd   Thumb Code     0  entry11a.o(.ARM.Collect$$$$0000000F)
    Reset_Handler                            0x08000101   Thumb Code     8  startup_stm32f103xb.o(.text)
    ADC1_2_IRQHandler                        0x0800011b   Thumb Code     0  startup_stm32f103xb.o(.text)
    CAN1_RX1_IRQHandler                      0x0800011b   Thumb Code     0  startup_stm32f103xb.o(.text)
    CAN1_SCE_IRQHandler                      0x0800011b   Thumb Code     0  startup_stm32f103xb.o(.text)
    DMA1_Channel1_IRQHandler                 0x0800011b   Thumb Code     0  startup_stm32f103xb.o(.text)
    DMA1_Channel2_IRQHandler                 0x0800011b   Thumb Code     0  startup_stm32f103xb.o(.text)
    DMA1_Channel3_IRQHandler                 0x0800011b   Thumb Code     0  startup_stm32f103xb.o(.text)
    DMA1_Channel4_IRQHandler                 0x0800011b   Thumb Code     0  startup_stm32f103xb.o(.text)
    DMA1_Channel5_IRQHandler                 0x0800011b   Thumb Code     0  startup_stm32f103xb.o(.text)
    DMA1_Channel6_IRQHandler                 0x0800011b   Thumb Code     0  startup_stm32f103xb.o(.text)
    DMA1_Channel7_IRQHandler                 0x0800011b   Thumb Code     0  startup_stm32f103xb.o(.text)
    EXTI15_10_IRQHandler                     0x0800011b   Thumb Code     0  startup_stm32f103xb.o(.text)
    EXTI2_IRQHandler                         0x0800011b   Thumb Code     0  startup_stm32f103xb.o(.text)
    EXTI9_5_IRQHandler                       0x0800011b   Thumb Code     0  startup_stm32f103xb.o(.text)
    FLASH_IRQHandler                         0x0800011b   Thumb Code     0  startup_stm32f103xb.o(.text)
    I2C1_ER_IRQHandler                       0x0800011b   Thumb Code     0  startup_stm32f103xb.o(.text)
    I2C1_EV_IRQHandler                       0x0800011b   Thumb Code     0  startup_stm32f103xb.o(.text)
    I2C2_ER_IRQHandler                       0x0800011b   Thumb Code     0  startup_stm32f103xb.o(.text)
    I2C2_EV_IRQHandler                       0x0800011b   Thumb Code     0  startup_stm32f103xb.o(.text)
    PVD_IRQHandler                           0x0800011b   Thumb Code     0  startup_stm32f103xb.o(.text)
    RCC_IRQHandler                           0x0800011b   Thumb Code     0  startup_stm32f103xb.o(.text)
    RTC_Alarm_IRQHandler                     0x0800011b   Thumb Code     0  startup_stm32f103xb.o(.text)
    RTC_IRQHandler                           0x0800011b   Thumb Code     0  startup_stm32f103xb.o(.text)
    SPI1_IRQHandler                          0x0800011b   Thumb Code     0  startup_stm32f103xb.o(.text)
    SPI2_IRQHandler                          0x0800011b   Thumb Code     0  startup_stm32f103xb.o(.text)
    TAMPER_IRQHandler                        0x0800011b   Thumb Code     0  startup_stm32f103xb.o(.text)
    TIM1_BRK_IRQHandler                      0x0800011b   Thumb Code     0  startup_stm32f103xb.o(.text)
    TIM1_CC_IRQHandler                       0x0800011b   Thumb Code     0  startup_stm32f103xb.o(.text)
    TIM1_TRG_COM_IRQHandler                  0x0800011b   Thumb Code     0  startup_stm32f103xb.o(.text)
    TIM1_UP_IRQHandler                       0x0800011b   Thumb Code     0  startup_stm32f103xb.o(.text)
    TIM2_IRQHandler                          0x0800011b   Thumb Code     0  startup_stm32f103xb.o(.text)
    TIM3_IRQHandler                          0x0800011b   Thumb Code     0  startup_stm32f103xb.o(.text)
    TIM4_IRQHandler                          0x0800011b   Thumb Code     0  startup_stm32f103xb.o(.text)
    USART1_IRQHandler                        0x0800011b   Thumb Code     0  startup_stm32f103xb.o(.text)
    USART2_IRQHandler                        0x0800011b   Thumb Code     0  startup_stm32f103xb.o(.text)
    USART3_IRQHandler                        0x0800011b   Thumb Code     0  startup_stm32f103xb.o(.text)
    USBWakeUp_IRQHandler                     0x0800011b   Thumb Code     0  startup_stm32f103xb.o(.text)
    USB_HP_CAN1_TX_IRQHandler                0x0800011b   Thumb Code     0  startup_stm32f103xb.o(.text)
    USB_LP_CAN1_RX0_IRQHandler               0x0800011b   Thumb Code     0  startup_stm32f103xb.o(.text)
    WWDG_IRQHandler                          0x0800011b   Thumb Code     0  startup_stm32f103xb.o(.text)
    __aeabi_llsr                             0x08000125   Thumb Code    32  llushr.o(.text)
    _ll_ushift_r                             0x08000125   Thumb Code     0  llushr.o(.text)
    tolower                                  0x08000145   Thumb Code    12  tolower.o(.text)
    __aeabi_memcpy                           0x08000151   Thumb Code    36  memcpya.o(.text)
    __aeabi_memcpy4                          0x08000151   Thumb Code     0  memcpya.o(.text)
    __aeabi_memcpy8                          0x08000151   Thumb Code     0  memcpya.o(.text)
    __aeabi_memset                           0x08000175   Thumb Code    14  memseta.o(.text)
    __aeabi_memset4                          0x08000175   Thumb Code     0  memseta.o(.text)
    __aeabi_memset8                          0x08000175   Thumb Code     0  memseta.o(.text)
    __aeabi_memclr                           0x08000183   Thumb Code     4  memseta.o(.text)
    __aeabi_memclr4                          0x08000183   Thumb Code     0  memseta.o(.text)
    __aeabi_memclr8                          0x08000183   Thumb Code     0  memseta.o(.text)
    _memset$wrapper                          0x08000187   Thumb Code    18  memseta.o(.text)
    strcat                                   0x08000199   Thumb Code    24  strcat.o(.text)
    strlen                                   0x080001b1   Thumb Code    14  strlen.o(.text)
    strcmp                                   0x080001bf   Thumb Code    28  strcmp.o(.text)
    strncmp                                  0x080001db   Thumb Code    30  strncmp.o(.text)
    _scanf_real                              0x08000321   Thumb Code     0  scanf_fp.o(.text)
    _scanf_really_real                       0x08000321   Thumb Code   556  scanf_fp.o(.text)
    atoi                                     0x08000559   Thumb Code    26  atoi.o(.text)
    __ARM_scalbnf                            0x08000573   Thumb Code    24  fscalb.o(.text)
    scalbnf                                  0x08000573   Thumb Code     0  fscalb.o(.text)
    __aeabi_dadd                             0x0800058b   Thumb Code   322  dadd.o(.text)
    __aeabi_dsub                             0x080006cd   Thumb Code     6  dadd.o(.text)
    __aeabi_drsub                            0x080006d3   Thumb Code     6  dadd.o(.text)
    __aeabi_dmul                             0x080006d9   Thumb Code   228  dmul.o(.text)
    __aeabi_ddiv                             0x080007bd   Thumb Code   222  ddiv.o(.text)
    __aeabi_ui2f                             0x0800089b   Thumb Code    10  ffltui.o(.text)
    __aeabi_f2iz                             0x080008a5   Thumb Code    50  ffixi.o(.text)
    __aeabi_d2iz                             0x080008d7   Thumb Code    62  dfixi.o(.text)
    __aeabi_f2d                              0x08000915   Thumb Code    38  f2d.o(.text)
    __aeabi_cdcmpeq                          0x0800093d   Thumb Code     0  cdcmple.o(.text)
    __aeabi_cdcmple                          0x0800093d   Thumb Code    48  cdcmple.o(.text)
    __aeabi_cdrcmple                         0x0800096d   Thumb Code    48  cdrcmple.o(.text)
    __aeabi_d2f                              0x0800099d   Thumb Code    56  d2f.o(.text)
    __aeabi_uidiv                            0x080009d5   Thumb Code     0  uidiv.o(.text)
    __aeabi_uidivmod                         0x080009d5   Thumb Code    44  uidiv.o(.text)
    __aeabi_uldivmod                         0x08000a01   Thumb Code    98  uldiv.o(.text)
    __aeabi_llsl                             0x08000a63   Thumb Code    30  llshl.o(.text)
    _ll_shift_l                              0x08000a63   Thumb Code     0  llshl.o(.text)
    __aeabi_lasr                             0x08000a81   Thumb Code    36  llsshr.o(.text)
    _ll_sshift_r                             0x08000a81   Thumb Code     0  llsshr.o(.text)
    _sgetc                                   0x08000aa5   Thumb Code    30  _sgetc.o(.text)
    _sbackspace                              0x08000ac3   Thumb Code    34  _sgetc.o(.text)
    __strtod_int                             0x08000b1b   Thumb Code    90  strtod.o(.text)
    strtol                                   0x08000b81   Thumb Code   112  strtol.o(.text)
    __I$use$fp                               0x08000bf1   Thumb Code     0  iusefp.o(.text)
    _float_round                             0x08000bf1   Thumb Code    18  fepilogue.o(.text)
    _float_epilogue                          0x08000c03   Thumb Code    92  fepilogue.o(.text)
    _double_round                            0x08000c5f   Thumb Code    30  depilogue.o(.text)
    _double_epilogue                         0x08000c7d   Thumb Code   156  depilogue.o(.text)
    __aeabi_ul2d                             0x08000d19   Thumb Code    24  dfltul.o(.text)
    __aeabi_d2ulz                            0x08000d31   Thumb Code    48  dfixul.o(.text)
    __scatterload                            0x08000d61   Thumb Code    28  init.o(.text)
    __scatterload_rt2                        0x08000d61   Thumb Code     0  init.o(.text)
    __rt_ctype_table                         0x08000d85   Thumb Code     4  ctype_o.o(.text)
    isspace                                  0x08000d8d   Thumb Code    18  isspace_o.o(.text)
    _strtoul                                 0x08000d9f   Thumb Code   158  _strtoul.o(.text)
    _chval                                   0x08000e3d   Thumb Code    28  _chval.o(.text)
    ADC_ConversionStop_Disable               0x08000e59   Thumb Code    86  stm32f1xx_hal_adc.o(i.ADC_ConversionStop_Disable)
    ADC_Enable                               0x08000eb1   Thumb Code   114  stm32f1xx_hal_adc.o(i.ADC_Enable)
    BusFault_Handler                         0x08000f2d   Thumb Code     2  stm32f1xx_it.o(i.BusFault_Handler)
    CE_Disable                               0x08000f31   Thumb Code    12  nrf24l01.o(i.CE_Disable)
    CE_Enable                                0x08000f41   Thumb Code    10  nrf24l01.o(i.CE_Enable)
    CS_Select                                0x08000f51   Thumb Code    12  nrf24l01.o(i.CS_Select)
    CS_UnSelect                              0x08000f61   Thumb Code    10  nrf24l01.o(i.CS_UnSelect)
    DebugMon_Handler                         0x08000f71   Thumb Code     2  stm32f1xx_it.o(i.DebugMon_Handler)
    EXTI0_IRQHandler                         0x08000f73   Thumb Code     6  stm32f1xx_it.o(i.EXTI0_IRQHandler)
    EXTI1_IRQHandler                         0x08000f79   Thumb Code     6  stm32f1xx_it.o(i.EXTI1_IRQHandler)
    EXTI3_IRQHandler                         0x08000f7f   Thumb Code     6  stm32f1xx_it.o(i.EXTI3_IRQHandler)
    EXTI4_IRQHandler                         0x08000f85   Thumb Code     6  stm32f1xx_it.o(i.EXTI4_IRQHandler)
    HAL_ADC_ConfigChannel                    0x08000f8d   Thumb Code   240  stm32f1xx_hal_adc.o(i.HAL_ADC_ConfigChannel)
    HAL_ADC_GetValue                         0x08001089   Thumb Code     6  stm32f1xx_hal_adc.o(i.HAL_ADC_GetValue)
    HAL_ADC_Init                             0x08001091   Thumb Code   272  stm32f1xx_hal_adc.o(i.HAL_ADC_Init)
    HAL_ADC_MspInit                          0x080011ad   Thumb Code    76  stm32f1xx_hal_msp.o(i.HAL_ADC_MspInit)
    HAL_ADC_Start                            0x08001205   Thumb Code   184  stm32f1xx_hal_adc.o(i.HAL_ADC_Start)
    HAL_Delay                                0x080012c5   Thumb Code    32  stm32f1xx_hal.o(i.HAL_Delay)
    HAL_GPIO_EXTI_Callback                   0x080012e9   Thumb Code   306  main.o(i.HAL_GPIO_EXTI_Callback)
    HAL_GPIO_EXTI_IRQHandler                 0x08001435   Thumb Code    18  stm32f1xx_hal_gpio.o(i.HAL_GPIO_EXTI_IRQHandler)
    HAL_GPIO_Init                            0x0800144d   Thumb Code   446  stm32f1xx_hal_gpio.o(i.HAL_GPIO_Init)
    HAL_GPIO_ReadPin                         0x0800162d   Thumb Code    10  stm32f1xx_hal_gpio.o(i.HAL_GPIO_ReadPin)
    HAL_GPIO_TogglePin                       0x08001637   Thumb Code    16  stm32f1xx_hal_gpio.o(i.HAL_GPIO_TogglePin)
    HAL_GPIO_WritePin                        0x08001647   Thumb Code    10  stm32f1xx_hal_gpio.o(i.HAL_GPIO_WritePin)
    HAL_GetTick                              0x08001651   Thumb Code     6  stm32f1xx_hal.o(i.HAL_GetTick)
    HAL_I2C_Init                             0x0800165d   Thumb Code   376  stm32f1xx_hal_i2c.o(i.HAL_I2C_Init)
    HAL_I2C_Master_Transmit                  0x080017e5   Thumb Code   290  stm32f1xx_hal_i2c.o(i.HAL_I2C_Master_Transmit)
    HAL_I2C_MspInit                          0x08001911   Thumb Code    80  stm32f1xx_hal_msp.o(i.HAL_I2C_MspInit)
    HAL_IncTick                              0x0800196d   Thumb Code    12  stm32f1xx_hal.o(i.HAL_IncTick)
    HAL_Init                                 0x0800197d   Thumb Code    32  stm32f1xx_hal.o(i.HAL_Init)
    HAL_InitTick                             0x080019a1   Thumb Code    54  stm32f1xx_hal.o(i.HAL_InitTick)
    HAL_MspInit                              0x080019e1   Thumb Code    52  stm32f1xx_hal_msp.o(i.HAL_MspInit)
    HAL_NVIC_EnableIRQ                       0x08001a1d   Thumb Code    26  stm32f1xx_hal_cortex.o(i.HAL_NVIC_EnableIRQ)
    HAL_NVIC_SetPriority                     0x08001a39   Thumb Code    60  stm32f1xx_hal_cortex.o(i.HAL_NVIC_SetPriority)
    HAL_NVIC_SetPriorityGrouping             0x08001a79   Thumb Code    26  stm32f1xx_hal_cortex.o(i.HAL_NVIC_SetPriorityGrouping)
    HAL_PWR_EnterSLEEPMode                   0x08001a9d   Thumb Code    26  stm32f1xx_hal_pwr.o(i.HAL_PWR_EnterSLEEPMode)
    HAL_RCCEx_PeriphCLKConfig                0x08001abd   Thumb Code   224  stm32f1xx_hal_rcc_ex.o(i.HAL_RCCEx_PeriphCLKConfig)
    HAL_RCC_ClockConfig                      0x08001ba9   Thumb Code   280  stm32f1xx_hal_rcc.o(i.HAL_RCC_ClockConfig)
    HAL_RCC_GetPCLK1Freq                     0x08001cd5   Thumb Code    20  stm32f1xx_hal_rcc.o(i.HAL_RCC_GetPCLK1Freq)
    HAL_RCC_GetPCLK2Freq                     0x08001cf5   Thumb Code    20  stm32f1xx_hal_rcc.o(i.HAL_RCC_GetPCLK2Freq)
    HAL_RCC_GetSysClockFreq                  0x08001d15   Thumb Code    74  stm32f1xx_hal_rcc.o(i.HAL_RCC_GetSysClockFreq)
    HAL_RCC_OscConfig                        0x08001d81   Thumb Code   778  stm32f1xx_hal_rcc.o(i.HAL_RCC_OscConfig)
    HAL_ResumeTick                           0x080020a1   Thumb Code    14  stm32f1xx_hal.o(i.HAL_ResumeTick)
    HAL_SPI_Init                             0x080020af   Thumb Code   178  stm32f1xx_hal_spi.o(i.HAL_SPI_Init)
    HAL_SPI_MspInit                          0x08002161   Thumb Code    98  stm32f1xx_hal_msp.o(i.HAL_SPI_MspInit)
    HAL_SPI_Receive                          0x080021d1   Thumb Code   346  stm32f1xx_hal_spi.o(i.HAL_SPI_Receive)
    HAL_SPI_Transmit                         0x0800232b   Thumb Code   358  stm32f1xx_hal_spi.o(i.HAL_SPI_Transmit)
    HAL_SPI_TransmitReceive                  0x08002491   Thumb Code   482  stm32f1xx_hal_spi.o(i.HAL_SPI_TransmitReceive)
    HAL_SYSTICK_Config                       0x08002673   Thumb Code    40  stm32f1xx_hal_cortex.o(i.HAL_SYSTICK_Config)
    HAL_SuspendTick                          0x0800269b   Thumb Code    14  stm32f1xx_hal.o(i.HAL_SuspendTick)
    HAL_TIMEx_MasterConfigSynchronization    0x080026a9   Thumb Code    92  stm32f1xx_hal_tim_ex.o(i.HAL_TIMEx_MasterConfigSynchronization)
    HAL_TIM_Base_Init                        0x08002711   Thumb Code    90  stm32f1xx_hal_tim.o(i.HAL_TIM_Base_Init)
    HAL_TIM_Base_MspInit                     0x0800276d   Thumb Code    52  stm32f1xx_hal_msp.o(i.HAL_TIM_Base_MspInit)
    HAL_TIM_Base_Start                       0x080027a9   Thumb Code    66  stm32f1xx_hal_tim.o(i.HAL_TIM_Base_Start)
    HAL_TIM_ConfigClockSource                0x080027f9   Thumb Code   214  stm32f1xx_hal_tim.o(i.HAL_TIM_ConfigClockSource)
    HAL_UART_Init                            0x080028cf   Thumb Code    98  stm32f1xx_hal_uart.o(i.HAL_UART_Init)
    HAL_UART_MspInit                         0x08002931   Thumb Code    98  stm32f1xx_hal_msp.o(i.HAL_UART_MspInit)
    HAL_UART_Transmit                        0x080029a1   Thumb Code   178  stm32f1xx_hal_uart.o(i.HAL_UART_Transmit)
    HardFault_Handler                        0x08002a53   Thumb Code     2  stm32f1xx_it.o(i.HardFault_Handler)
    IsDataAvailable                          0x08002cb7   Thumb Code    36  nrf24l01.o(i.IsDataAvailable)
    Lcdtrangchu                              0x08002cdd   Thumb Code    66  main.o(i.Lcdtrangchu)
    MemManage_Handler                        0x08002fb1   Thumb Code     2  stm32f1xx_it.o(i.MemManage_Handler)
    NMI_Handler                              0x08002fb3   Thumb Code     2  stm32f1xx_it.o(i.NMI_Handler)
    NRF24_Init                               0x08002fb5   Thumb Code    76  nrf24l01.o(i.NRF24_Init)
    NRF24_Receive                            0x08003001   Thumb Code    68  nrf24l01.o(i.NRF24_Receive)
    NRF24_RxMode                             0x08003049   Thumb Code    98  nrf24l01.o(i.NRF24_RxMode)
    ParseData                                0x080030ad   Thumb Code   142  main.o(i.ParseData)
    PendSV_Handler                           0x08003161   Thumb Code     2  stm32f1xx_it.o(i.PendSV_Handler)
    SVC_Handler                              0x08003299   Thumb Code     2  stm32f1xx_it.o(i.SVC_Handler)
    SysTick_Handler                          0x0800329b   Thumb Code     4  stm32f1xx_it.o(i.SysTick_Handler)
    SystemClock_Config                       0x0800329f   Thumb Code   120  main.o(i.SystemClock_Config)
    SystemInit                               0x08003317   Thumb Code     2  system_stm32f1xx.o(i.SystemInit)
    TIM_Base_SetConfig                       0x08003319   Thumb Code    94  stm32f1xx_hal_tim.o(i.TIM_Base_SetConfig)
    TIM_ETR_SetConfig                        0x08003385   Thumb Code    20  stm32f1xx_hal_tim.o(i.TIM_ETR_SetConfig)
    UsageFault_Handler                       0x0800350d   Thumb Code     2  stm32f1xx_it.o(i.UsageFault_Handler)
    XuLyJSON1                                0x08003511   Thumb Code   118  main.o(i.XuLyJSON1)
    XuLyJSON2                                0x080035b5   Thumb Code   118  main.o(i.XuLyJSON2)
    XuLyJSON3                                0x08003659   Thumb Code   118  main.o(i.XuLyJSON3)
    __0printf                                0x080036fd   Thumb Code    22  printfa.o(i.__0printf)
    __1printf                                0x080036fd   Thumb Code     0  printfa.o(i.__0printf)
    __2printf                                0x080036fd   Thumb Code     0  printfa.o(i.__0printf)
    __c89printf                              0x080036fd   Thumb Code     0  printfa.o(i.__0printf)
    printf                                   0x080036fd   Thumb Code     0  printfa.o(i.__0printf)
    __0sprintf                               0x0800371d   Thumb Code    34  printfa.o(i.__0sprintf)
    __1sprintf                               0x0800371d   Thumb Code     0  printfa.o(i.__0sprintf)
    __2sprintf                               0x0800371d   Thumb Code     0  printfa.o(i.__0sprintf)
    __c89sprintf                             0x0800371d   Thumb Code     0  printfa.o(i.__0sprintf)
    sprintf                                  0x0800371d   Thumb Code     0  printfa.o(i.__0sprintf)
    __aeabi_errno_addr                       0x08003765   Thumb Code     4  errno.o(i.__aeabi_errno_addr)
    __rt_errno_addr                          0x08003765   Thumb Code     0  errno.o(i.__aeabi_errno_addr)
    free                                     0x0800376d   Thumb Code    88  mallocr.o(i.__free$realloc)
    malloc                                   0x080037c9   Thumb Code    64  mallocr.o(i.__malloc$realloc)
    __scatterload_copy                       0x08003819   Thumb Code    14  handlers.o(i.__scatterload_copy)
    __scatterload_null                       0x08003827   Thumb Code     2  handlers.o(i.__scatterload_null)
    __scatterload_zeroinit                   0x08003829   Thumb Code    14  handlers.o(i.__scatterload_zeroinit)
    _is_digit                                0x080039bd   Thumb Code    14  scanf_fp.o(i._is_digit)
    cJSON_Delete                             0x08004135   Thumb Code    66  cjson.o(i.cJSON_Delete)
    cJSON_GetObjectItem                      0x0800417d   Thumb Code     6  cjson.o(i.cJSON_GetObjectItem)
    cJSON_Parse                              0x08004199   Thumb Code     8  cjson.o(i.cJSON_Parse)
    cJSON_ParseWithLengthOpts                0x080041a1   Thumb Code   210  cjson.o(i.cJSON_ParseWithLengthOpts)
    cJSON_ParseWithOpts                      0x0800427d   Thumb Code    34  cjson.o(i.cJSON_ParseWithOpts)
    check_response                           0x080042a1   Thumb Code    54  main.o(i.check_response)
    delay                                    0x080042dd   Thumb Code    18  main.o(i.delay)
    dht11_init                               0x080042f5   Thumb Code    60  main.o(i.dht11_init)
    fputc                                    0x08004335   Thumb Code    20  main.o(i.fputc)
    getdata                                  0x080043c9   Thumb Code   152  main.o(i.getdata)
    lcd_clear                                0x080044c1   Thumb Code    18  i2c-lcd.o(i.lcd_clear)
    lcd_init                                 0x080044d3   Thumb Code   120  i2c-lcd.o(i.lcd_init)
    lcd_put_cur                              0x0800454b   Thumb Code    44  i2c-lcd.o(i.lcd_put_cur)
    lcd_send_cmd                             0x08004579   Thumb Code    58  i2c-lcd.o(i.lcd_send_cmd)
    lcd_send_data                            0x080045b9   Thumb Code    58  i2c-lcd.o(i.lcd_send_data)
    lcd_send_string                          0x080045f9   Thumb Code    20  i2c-lcd.o(i.lcd_send_string)
    lcdnode1                                 0x0800460d   Thumb Code   100  main.o(i.lcdnode1)
    lcdnode2                                 0x080046a1   Thumb Code   100  main.o(i.lcdnode2)
    lcdnode3                                 0x08004735   Thumb Code   100  main.o(i.lcdnode3)
    main                                     0x080047c9   Thumb Code   154  main.o(i.main)
    nrf24_ReadReg                            0x0800487d   Thumb Code    48  nrf24l01.o(i.nrf24_ReadReg)
    nrf24_WriteReg                           0x080048b1   Thumb Code    38  nrf24l01.o(i.nrf24_WriteReg)
    nrf24_WriteRegMulti                      0x080048dd   Thumb Code    50  nrf24l01.o(i.nrf24_WriteRegMulti)
    nrf24_reset                              0x08004915   Thumb Code   284  nrf24l01.o(i.nrf24_reset)
    nrfsendCmd                               0x08004a41   Thumb Code    24  nrf24l01.o(i.nrfsendCmd)
    read                                     0x08004f71   Thumb Code    88  main.o(i.read)
    realloc                                  0x08004fcd   Thumb Code   102  mallocr.o(i.realloc)
    set_pin_input                            0x08005039   Thumb Code    20  main.o(i.set_pin_input)
    set_pin_output                           0x0800504d   Thumb Code    24  main.o(i.set_pin_output)
    strtod                                   0x08005065   Thumb Code    28  strtod.o(i.strtod)
    AHBPrescTable                            0x08005152   Data          16  system_stm32f1xx.o(.constdata)
    APBPrescTable                            0x08005162   Data           8  system_stm32f1xx.o(.constdata)
    __ctype_table                            0x0800516a   Data         129  ctype_o.o(.constdata)
    Region$$Table$$Base                      0x080051f0   Number         0  anon$$obj.o(Region$$Table)
    Region$$Table$$Limit                     0x08005210   Number         0  anon$$obj.o(Region$$Table)
    ND1_1                                    0x20000014   Data           1  main.o(.data)
    DA1_1                                    0x20000015   Data           1  main.o(.data)
    DAD1_1                                   0x20000016   Data           1  main.o(.data)
    ND1_2                                    0x20000017   Data           1  main.o(.data)
    DA1_2                                    0x20000018   Data           1  main.o(.data)
    DAD1_2                                   0x20000019   Data           1  main.o(.data)
    ND1_3                                    0x2000001a   Data           1  main.o(.data)
    DA1_3                                    0x2000001b   Data           1  main.o(.data)
    DAD1_3                                   0x2000001c   Data           1  main.o(.data)
    presence                                 0x2000001e   Data           2  main.o(.data)
    rh_byte1                                 0x20000020   Data           2  main.o(.data)
    rh_byte2                                 0x20000022   Data           2  main.o(.data)
    temp_byte1                               0x20000024   Data           2  main.o(.data)
    temp_byte2                               0x20000026   Data           2  main.o(.data)
    sum                                      0x20000028   Data           2  main.o(.data)
    rh                                       0x2000002a   Data           2  main.o(.data)
    temp                                     0x2000002c   Data           2  main.o(.data)
    moisturefinal                            0x20000030   Data           4  main.o(.data)
    lcdset                                   0x20000034   Data           4  main.o(.data)
    temperature                              0x20000038   Data           4  main.o(.data)
    humidity                                 0x2000003c   Data           4  main.o(.data)
    voltage_value                            0x20000040   Data           4  main.o(.data)
    adc_value                                0x20000044   Data           4  main.o(.data)
    moisture_value                           0x20000048   Data           4  main.o(.data)
    str_json1                                0x2000004c   Data           4  main.o(.data)
    str_json2                                0x20000050   Data           4  main.o(.data)
    str_json3                                0x20000054   Data           4  main.o(.data)
    str_ND1                                  0x20000058   Data           4  main.o(.data)
    str_DA1                                  0x2000005c   Data           4  main.o(.data)
    str_DAD1                                 0x20000060   Data           4  main.o(.data)
    str_ND2                                  0x20000064   Data           4  main.o(.data)
    str_DA2                                  0x20000068   Data           4  main.o(.data)
    str_DAD2                                 0x2000006c   Data           4  main.o(.data)
    str_ND3                                  0x20000070   Data           4  main.o(.data)
    str_DA3                                  0x20000074   Data           4  main.o(.data)
    str_DAD3                                 0x20000078   Data           4  main.o(.data)
    RxAdrdress                               0x2000007c   Data           5  main.o(.data)
    uwTickFreq                               0x20000084   Data           1  stm32f1xx_hal.o(.data)
    uwTickPrio                               0x20000088   Data           4  stm32f1xx_hal.o(.data)
    uwTick                                   0x2000008c   Data           4  stm32f1xx_hal.o(.data)
    SystemCoreClock                          0x20000090   Data           4  system_stm32f1xx.o(.data)
    __stdout                                 0x20000094   Data           4  stdout.o(.data)
    __microlib_freelist                      0x20000098   Data           4  mvars.o(.data)
    __microlib_freelist_initialised          0x2000009c   Data           4  mvars.o(.data)
    hadc1                                    0x200000a4   Data          48  main.o(.bss)
    hi2c1                                    0x200000d4   Data          84  main.o(.bss)
    hspi1                                    0x20000128   Data          88  main.o(.bss)
    htim2                                    0x20000180   Data          72  main.o(.bss)
    htim4                                    0x200001c8   Data          72  main.o(.bss)
    huart2                                   0x20000210   Data          68  main.o(.bss)
    RxData                                   0x20000254   Data          32  main.o(.bss)
    RxData1                                  0x20000274   Data          32  main.o(.bss)
    TxData1                                  0x20000294   Data          32  main.o(.bss)
    __heap_base                              0x200002b8   Data           0  startup_stm32f103xb.o(HEAP)
    __heap_limit                             0x200004b8   Data           0  startup_stm32f103xb.o(HEAP)
    __initial_sp                             0x200008b8   Data           0  startup_stm32f103xb.o(STACK)



==============================================================================

Memory Map of the image

  Image Entry point : 0x080000ed

  Load Region LR_IROM1 (Base: 0x08000000, Size: 0x000052b4, Max: 0x00010000, ABSOLUTE)

    Execution Region ER_IROM1 (Exec base: 0x08000000, Load base: 0x08000000, Size: 0x00005210, Max: 0x00010000, ABSOLUTE)

    Exec Addr    Load Addr    Size         Type   Attr      Idx    E Section Name        Object

    0x08000000   0x08000000   0x000000ec   Data   RO            3    RESET               startup_stm32f103xb.o
    0x080000ec   0x080000ec   0x00000000   Code   RO         4880  * .ARM.Collect$$$$00000000  mc_w.l(entry.o)
    0x080000ec   0x080000ec   0x00000004   Code   RO         5228    .ARM.Collect$$$$00000001  mc_w.l(entry2.o)
    0x080000f0   0x080000f0   0x00000004   Code   RO         5231    .ARM.Collect$$$$00000004  mc_w.l(entry5.o)
    0x080000f4   0x080000f4   0x00000000   Code   RO         5233    .ARM.Collect$$$$00000008  mc_w.l(entry7b.o)
    0x080000f4   0x080000f4   0x00000000   Code   RO         5235    .ARM.Collect$$$$0000000A  mc_w.l(entry8b.o)
    0x080000f4   0x080000f4   0x00000008   Code   RO         5236    .ARM.Collect$$$$0000000B  mc_w.l(entry9a.o)
    0x080000fc   0x080000fc   0x00000000   Code   RO         5238    .ARM.Collect$$$$0000000D  mc_w.l(entry10a.o)
    0x080000fc   0x080000fc   0x00000000   Code   RO         5240    .ARM.Collect$$$$0000000F  mc_w.l(entry11a.o)
    0x080000fc   0x080000fc   0x00000004   Code   RO         5229    .ARM.Collect$$$$00002712  mc_w.l(entry2.o)
    0x08000100   0x08000100   0x00000024   Code   RO            4    .text               startup_stm32f103xb.o
    0x08000124   0x08000124   0x00000020   Code   RO         4883    .text               mc_w.l(llushr.o)
    0x08000144   0x08000144   0x0000000c   Code   RO         4885    .text               mc_w.l(tolower.o)
    0x08000150   0x08000150   0x00000024   Code   RO         4887    .text               mc_w.l(memcpya.o)
    0x08000174   0x08000174   0x00000024   Code   RO         4889    .text               mc_w.l(memseta.o)
    0x08000198   0x08000198   0x00000018   Code   RO         4891    .text               mc_w.l(strcat.o)
    0x080001b0   0x080001b0   0x0000000e   Code   RO         4893    .text               mc_w.l(strlen.o)
    0x080001be   0x080001be   0x0000001c   Code   RO         4895    .text               mc_w.l(strcmp.o)
    0x080001da   0x080001da   0x0000001e   Code   RO         4899    .text               mc_w.l(strncmp.o)
    0x080001f8   0x080001f8   0x00000360   Code   RO         5196    .text               mc_w.l(scanf_fp.o)
    0x08000558   0x08000558   0x0000001a   Code   RO         5200    .text               mc_w.l(atoi.o)
    0x08000572   0x08000572   0x00000018   Code   RO         5202    .text               mf_w.l(fscalb.o)
    0x0800058a   0x0800058a   0x0000014e   Code   RO         5204    .text               mf_w.l(dadd.o)
    0x080006d8   0x080006d8   0x000000e4   Code   RO         5206    .text               mf_w.l(dmul.o)
    0x080007bc   0x080007bc   0x000000de   Code   RO         5208    .text               mf_w.l(ddiv.o)
    0x0800089a   0x0800089a   0x0000000a   Code   RO         5212    .text               mf_w.l(ffltui.o)
    0x080008a4   0x080008a4   0x00000032   Code   RO         5216    .text               mf_w.l(ffixi.o)
    0x080008d6   0x080008d6   0x0000003e   Code   RO         5218    .text               mf_w.l(dfixi.o)
    0x08000914   0x08000914   0x00000026   Code   RO         5220    .text               mf_w.l(f2d.o)
    0x0800093a   0x0800093a   0x00000002   PAD
    0x0800093c   0x0800093c   0x00000030   Code   RO         5222    .text               mf_w.l(cdcmple.o)
    0x0800096c   0x0800096c   0x00000030   Code   RO         5224    .text               mf_w.l(cdrcmple.o)
    0x0800099c   0x0800099c   0x00000038   Code   RO         5226    .text               mf_w.l(d2f.o)
    0x080009d4   0x080009d4   0x0000002c   Code   RO         5243    .text               mc_w.l(uidiv.o)
    0x08000a00   0x08000a00   0x00000062   Code   RO         5245    .text               mc_w.l(uldiv.o)
    0x08000a62   0x08000a62   0x0000001e   Code   RO         5247    .text               mc_w.l(llshl.o)
    0x08000a80   0x08000a80   0x00000024   Code   RO         5249    .text               mc_w.l(llsshr.o)
    0x08000aa4   0x08000aa4   0x00000040   Code   RO         5262    .text               mc_w.l(_sgetc.o)
    0x08000ae4   0x08000ae4   0x0000009c   Code   RO         5264    .text               mc_w.l(strtod.o)
    0x08000b80   0x08000b80   0x00000070   Code   RO         5266    .text               mc_w.l(strtol.o)
    0x08000bf0   0x08000bf0   0x00000000   Code   RO         5268    .text               mc_w.l(iusefp.o)
    0x08000bf0   0x08000bf0   0x0000006e   Code   RO         5269    .text               mf_w.l(fepilogue.o)
    0x08000c5e   0x08000c5e   0x000000ba   Code   RO         5271    .text               mf_w.l(depilogue.o)
    0x08000d18   0x08000d18   0x00000018   Code   RO         5273    .text               mf_w.l(dfltul.o)
    0x08000d30   0x08000d30   0x00000030   Code   RO         5275    .text               mf_w.l(dfixul.o)
    0x08000d60   0x08000d60   0x00000024   Code   RO         5277    .text               mc_w.l(init.o)
    0x08000d84   0x08000d84   0x00000008   Code   RO         5281    .text               mc_w.l(ctype_o.o)
    0x08000d8c   0x08000d8c   0x00000012   Code   RO         5303    .text               mc_w.l(isspace_o.o)
    0x08000d9e   0x08000d9e   0x0000009e   Code   RO         5311    .text               mc_w.l(_strtoul.o)
    0x08000e3c   0x08000e3c   0x0000001c   Code   RO         5316    .text               mc_w.l(_chval.o)
    0x08000e58   0x08000e58   0x00000056   Code   RO         1506    i.ADC_ConversionStop_Disable  stm32f1xx_hal_adc.o
    0x08000eae   0x08000eae   0x00000002   PAD
    0x08000eb0   0x08000eb0   0x0000007c   Code   RO         1510    i.ADC_Enable        stm32f1xx_hal_adc.o
    0x08000f2c   0x08000f2c   0x00000002   Code   RO         1287    i.BusFault_Handler  stm32f1xx_it.o
    0x08000f2e   0x08000f2e   0x00000002   PAD
    0x08000f30   0x08000f30   0x00000010   Code   RO           13    i.CE_Disable        nrf24l01.o
    0x08000f40   0x08000f40   0x00000010   Code   RO           14    i.CE_Enable         nrf24l01.o
    0x08000f50   0x08000f50   0x00000010   Code   RO           15    i.CS_Select         nrf24l01.o
    0x08000f60   0x08000f60   0x00000010   Code   RO           16    i.CS_UnSelect       nrf24l01.o
    0x08000f70   0x08000f70   0x00000002   Code   RO         1288    i.DebugMon_Handler  stm32f1xx_it.o
    0x08000f72   0x08000f72   0x00000006   Code   RO         1289    i.EXTI0_IRQHandler  stm32f1xx_it.o
    0x08000f78   0x08000f78   0x00000006   Code   RO         1290    i.EXTI1_IRQHandler  stm32f1xx_it.o
    0x08000f7e   0x08000f7e   0x00000006   Code   RO         1291    i.EXTI3_IRQHandler  stm32f1xx_it.o
    0x08000f84   0x08000f84   0x00000006   Code   RO         1292    i.EXTI4_IRQHandler  stm32f1xx_it.o
    0x08000f8a   0x08000f8a   0x00000002   PAD
    0x08000f8c   0x08000f8c   0x000000fc   Code   RO         1512    i.HAL_ADC_ConfigChannel  stm32f1xx_hal_adc.o
    0x08001088   0x08001088   0x00000006   Code   RO         1519    i.HAL_ADC_GetValue  stm32f1xx_hal_adc.o
    0x0800108e   0x0800108e   0x00000002   PAD
    0x08001090   0x08001090   0x0000011c   Code   RO         1521    i.HAL_ADC_Init      stm32f1xx_hal_adc.o
    0x080011ac   0x080011ac   0x00000058   Code   RO         1387    i.HAL_ADC_MspInit   stm32f1xx_hal_msp.o
    0x08001204   0x08001204   0x000000c0   Code   RO         1527    i.HAL_ADC_Start     stm32f1xx_hal_adc.o
    0x080012c4   0x080012c4   0x00000024   Code   RO         1789    i.HAL_Delay         stm32f1xx_hal.o
    0x080012e8   0x080012e8   0x0000014c   Code   RO         1105    i.HAL_GPIO_EXTI_Callback  main.o
    0x08001434   0x08001434   0x00000018   Code   RO         2096    i.HAL_GPIO_EXTI_IRQHandler  stm32f1xx_hal_gpio.o
    0x0800144c   0x0800144c   0x000001e0   Code   RO         2097    i.HAL_GPIO_Init     stm32f1xx_hal_gpio.o
    0x0800162c   0x0800162c   0x0000000a   Code   RO         2099    i.HAL_GPIO_ReadPin  stm32f1xx_hal_gpio.o
    0x08001636   0x08001636   0x00000010   Code   RO         2100    i.HAL_GPIO_TogglePin  stm32f1xx_hal_gpio.o
    0x08001646   0x08001646   0x0000000a   Code   RO         2101    i.HAL_GPIO_WritePin  stm32f1xx_hal_gpio.o
    0x08001650   0x08001650   0x0000000c   Code   RO         1793    i.HAL_GetTick       stm32f1xx_hal.o
    0x0800165c   0x0800165c   0x00000188   Code   RO         2768    i.HAL_I2C_Init      stm32f1xx_hal_i2c.o
    0x080017e4   0x080017e4   0x0000012c   Code   RO         2781    i.HAL_I2C_Master_Transmit  stm32f1xx_hal_i2c.o
    0x08001910   0x08001910   0x0000005c   Code   RO         1389    i.HAL_I2C_MspInit   stm32f1xx_hal_msp.o
    0x0800196c   0x0800196c   0x00000010   Code   RO         1799    i.HAL_IncTick       stm32f1xx_hal.o
    0x0800197c   0x0800197c   0x00000024   Code   RO         1800    i.HAL_Init          stm32f1xx_hal.o
    0x080019a0   0x080019a0   0x00000040   Code   RO         1801    i.HAL_InitTick      stm32f1xx_hal.o
    0x080019e0   0x080019e0   0x0000003c   Code   RO         1390    i.HAL_MspInit       stm32f1xx_hal_msp.o
    0x08001a1c   0x08001a1c   0x0000001a   Code   RO         2257    i.HAL_NVIC_EnableIRQ  stm32f1xx_hal_cortex.o
    0x08001a36   0x08001a36   0x00000002   PAD
    0x08001a38   0x08001a38   0x00000040   Code   RO         2263    i.HAL_NVIC_SetPriority  stm32f1xx_hal_cortex.o
    0x08001a78   0x08001a78   0x00000024   Code   RO         2264    i.HAL_NVIC_SetPriorityGrouping  stm32f1xx_hal_cortex.o
    0x08001a9c   0x08001a9c   0x00000020   Code   RO         2384    i.HAL_PWR_EnterSLEEPMode  stm32f1xx_hal_pwr.o
    0x08001abc   0x08001abc   0x000000ec   Code   RO         2060    i.HAL_RCCEx_PeriphCLKConfig  stm32f1xx_hal_rcc_ex.o
    0x08001ba8   0x08001ba8   0x0000012c   Code   RO         1957    i.HAL_RCC_ClockConfig  stm32f1xx_hal_rcc.o
    0x08001cd4   0x08001cd4   0x00000020   Code   RO         1964    i.HAL_RCC_GetPCLK1Freq  stm32f1xx_hal_rcc.o
    0x08001cf4   0x08001cf4   0x00000020   Code   RO         1965    i.HAL_RCC_GetPCLK2Freq  stm32f1xx_hal_rcc.o
    0x08001d14   0x08001d14   0x0000006c   Code   RO         1966    i.HAL_RCC_GetSysClockFreq  stm32f1xx_hal_rcc.o
    0x08001d80   0x08001d80   0x00000320   Code   RO         1969    i.HAL_RCC_OscConfig  stm32f1xx_hal_rcc.o
    0x080020a0   0x080020a0   0x0000000e   Code   RO         1804    i.HAL_ResumeTick    stm32f1xx_hal.o
    0x080020ae   0x080020ae   0x000000b2   Code   RO         3200    i.HAL_SPI_Init      stm32f1xx_hal_spi.o
    0x08002160   0x08002160   0x00000070   Code   RO         1392    i.HAL_SPI_MspInit   stm32f1xx_hal_msp.o
    0x080021d0   0x080021d0   0x0000015a   Code   RO         3203    i.HAL_SPI_Receive   stm32f1xx_hal_spi.o
    0x0800232a   0x0800232a   0x00000166   Code   RO         3208    i.HAL_SPI_Transmit  stm32f1xx_hal_spi.o
    0x08002490   0x08002490   0x000001e2   Code   RO         3209    i.HAL_SPI_TransmitReceive  stm32f1xx_hal_spi.o
    0x08002672   0x08002672   0x00000028   Code   RO         2268    i.HAL_SYSTICK_Config  stm32f1xx_hal_cortex.o
    0x0800269a   0x0800269a   0x0000000e   Code   RO         1806    i.HAL_SuspendTick   stm32f1xx_hal.o
    0x080026a8   0x080026a8   0x00000068   Code   RO         4236    i.HAL_TIMEx_MasterConfigSynchronization  stm32f1xx_hal_tim_ex.o
    0x08002710   0x08002710   0x0000005a   Code   RO         3513    i.HAL_TIM_Base_Init  stm32f1xx_hal_tim.o
    0x0800276a   0x0800276a   0x00000002   PAD
    0x0800276c   0x0800276c   0x0000003c   Code   RO         1394    i.HAL_TIM_Base_MspInit  stm32f1xx_hal_msp.o
    0x080027a8   0x080027a8   0x00000050   Code   RO         3516    i.HAL_TIM_Base_Start  stm32f1xx_hal_tim.o
    0x080027f8   0x080027f8   0x000000d6   Code   RO         3522    i.HAL_TIM_ConfigClockSource  stm32f1xx_hal_tim.o
    0x080028ce   0x080028ce   0x00000062   Code   RO         4513    i.HAL_UART_Init     stm32f1xx_hal_uart.o
    0x08002930   0x08002930   0x00000070   Code   RO         1396    i.HAL_UART_MspInit  stm32f1xx_hal_msp.o
    0x080029a0   0x080029a0   0x000000b2   Code   RO         4521    i.HAL_UART_Transmit  stm32f1xx_hal_uart.o
    0x08002a52   0x08002a52   0x00000002   Code   RO         1293    i.HardFault_Handler  stm32f1xx_it.o
    0x08002a54   0x08002a54   0x0000002e   Code   RO         2810    i.I2C_IsAcknowledgeFailed  stm32f1xx_hal_i2c.o
    0x08002a82   0x08002a82   0x00000002   PAD
    0x08002a84   0x08002a84   0x0000009c   Code   RO         2814    i.I2C_MasterRequestWrite  stm32f1xx_hal_i2c.o
    0x08002b20   0x08002b20   0x0000004c   Code   RO         2825    i.I2C_WaitOnBTFFlagUntilTimeout  stm32f1xx_hal_i2c.o
    0x08002b6c   0x08002b6c   0x00000068   Code   RO         2826    i.I2C_WaitOnFlagUntilTimeout  stm32f1xx_hal_i2c.o
    0x08002bd4   0x08002bd4   0x00000096   Code   RO         2827    i.I2C_WaitOnMasterAddressFlagUntilTimeout  stm32f1xx_hal_i2c.o
    0x08002c6a   0x08002c6a   0x0000004c   Code   RO         2829    i.I2C_WaitOnTXEFlagUntilTimeout  stm32f1xx_hal_i2c.o
    0x08002cb6   0x08002cb6   0x00000024   Code   RO           17    i.IsDataAvailable   nrf24l01.o
    0x08002cda   0x08002cda   0x00000002   PAD
    0x08002cdc   0x08002cdc   0x00000084   Code   RO         1106    i.Lcdtrangchu       main.o
    0x08002d60   0x08002d60   0x0000004c   Code   RO         1107    i.MX_ADC1_Init      main.o
    0x08002dac   0x08002dac   0x000000f4   Code   RO         1108    i.MX_GPIO_Init      main.o
    0x08002ea0   0x08002ea0   0x00000044   Code   RO         1109    i.MX_SPI1_Init      main.o
    0x08002ee4   0x08002ee4   0x00000064   Code   RO         1110    i.MX_TIM2_Init      main.o
    0x08002f48   0x08002f48   0x00000068   Code   RO         1111    i.MX_TIM4_Init      main.o
    0x08002fb0   0x08002fb0   0x00000002   Code   RO         1294    i.MemManage_Handler  stm32f1xx_it.o
    0x08002fb2   0x08002fb2   0x00000002   Code   RO         1295    i.NMI_Handler       stm32f1xx_it.o
    0x08002fb4   0x08002fb4   0x0000004c   Code   RO           18    i.NRF24_Init        nrf24l01.o
    0x08003000   0x08003000   0x00000048   Code   RO           19    i.NRF24_Receive     nrf24l01.o
    0x08003048   0x08003048   0x00000062   Code   RO           20    i.NRF24_RxMode      nrf24l01.o
    0x080030aa   0x080030aa   0x00000002   PAD
    0x080030ac   0x080030ac   0x000000b4   Code   RO         1112    i.ParseData         main.o
    0x08003160   0x08003160   0x00000002   Code   RO         1296    i.PendSV_Handler    stm32f1xx_it.o
    0x08003162   0x08003162   0x0000005c   Code   RO         3237    i.SPI_EndRxTransaction  stm32f1xx_hal_spi.o
    0x080031be   0x080031be   0x00000020   Code   RO         3238    i.SPI_EndRxTxTransaction  stm32f1xx_hal_spi.o
    0x080031de   0x080031de   0x00000002   PAD
    0x080031e0   0x080031e0   0x000000b8   Code   RO         3243    i.SPI_WaitFlagStateUntilTimeout  stm32f1xx_hal_spi.o
    0x08003298   0x08003298   0x00000002   Code   RO         1297    i.SVC_Handler       stm32f1xx_it.o
    0x0800329a   0x0800329a   0x00000004   Code   RO         1298    i.SysTick_Handler   stm32f1xx_it.o
    0x0800329e   0x0800329e   0x00000078   Code   RO         1113    i.SystemClock_Config  main.o
    0x08003316   0x08003316   0x00000002   Code   RO         4842    i.SystemInit        system_stm32f1xx.o
    0x08003318   0x08003318   0x0000006c   Code   RO         3606    i.TIM_Base_SetConfig  stm32f1xx_hal_tim.o
    0x08003384   0x08003384   0x00000014   Code   RO         3617    i.TIM_ETR_SetConfig  stm32f1xx_hal_tim.o
    0x08003398   0x08003398   0x00000010   Code   RO         3618    i.TIM_ITRx_SetConfig  stm32f1xx_hal_tim.o
    0x080033a8   0x080033a8   0x00000022   Code   RO         3624    i.TIM_TI1_ConfigInputStage  stm32f1xx_hal_tim.o
    0x080033ca   0x080033ca   0x00000024   Code   RO         3626    i.TIM_TI2_ConfigInputStage  stm32f1xx_hal_tim.o
    0x080033ee   0x080033ee   0x00000002   PAD
    0x080033f0   0x080033f0   0x000000b8   Code   RO         4539    i.UART_SetConfig    stm32f1xx_hal_uart.o
    0x080034a8   0x080034a8   0x00000064   Code   RO         4542    i.UART_WaitOnFlagUntilTimeout  stm32f1xx_hal_uart.o
    0x0800350c   0x0800350c   0x00000002   Code   RO         1299    i.UsageFault_Handler  stm32f1xx_it.o
    0x0800350e   0x0800350e   0x00000002   PAD
    0x08003510   0x08003510   0x000000a4   Code   RO         1114    i.XuLyJSON1         main.o
    0x080035b4   0x080035b4   0x000000a4   Code   RO         1115    i.XuLyJSON2         main.o
    0x08003658   0x08003658   0x000000a4   Code   RO         1116    i.XuLyJSON3         main.o
    0x080036fc   0x080036fc   0x00000020   Code   RO         5138    i.__0printf         mc_w.l(printfa.o)
    0x0800371c   0x0800371c   0x00000028   Code   RO         5140    i.__0sprintf        mc_w.l(printfa.o)
    0x08003744   0x08003744   0x00000020   Code   RO         2270    i.__NVIC_SetPriority  stm32f1xx_hal_cortex.o
    0x08003764   0x08003764   0x00000008   Code   RO         5253    i.__aeabi_errno_addr  mc_w.l(errno.o)
    0x0800376c   0x0800376c   0x0000005c   Code   RO         5170    i.__free$realloc    mc_w.l(mallocr.o)
    0x080037c8   0x080037c8   0x00000050   Code   RO         5171    i.__malloc$realloc  mc_w.l(mallocr.o)
    0x08003818   0x08003818   0x0000000e   Code   RO         5320    i.__scatterload_copy  mc_w.l(handlers.o)
    0x08003826   0x08003826   0x00000002   Code   RO         5321    i.__scatterload_null  mc_w.l(handlers.o)
    0x08003828   0x08003828   0x0000000e   Code   RO         5322    i.__scatterload_zeroinit  mc_w.l(handlers.o)
    0x08003836   0x08003836   0x00000002   PAD
    0x08003838   0x08003838   0x00000184   Code   RO         5145    i._fp_digits        mc_w.l(printfa.o)
    0x080039bc   0x080039bc   0x0000000e   Code   RO         5198    i._is_digit         mc_w.l(scanf_fp.o)
    0x080039ca   0x080039ca   0x00000002   PAD
    0x080039cc   0x080039cc   0x000006dc   Code   RO         5146    i._printf_core      mc_w.l(printfa.o)
    0x080040a8   0x080040a8   0x00000024   Code   RO         5147    i._printf_post_padding  mc_w.l(printfa.o)
    0x080040cc   0x080040cc   0x0000002e   Code   RO         5148    i._printf_pre_padding  mc_w.l(printfa.o)
    0x080040fa   0x080040fa   0x0000000a   Code   RO         5150    i._sputc            mc_w.l(printfa.o)
    0x08004104   0x08004104   0x00000030   Code   RO          279    i.buffer_skip_whitespace  cjson.o
    0x08004134   0x08004134   0x00000048   Code   RO          311    i.cJSON_Delete      cjson.o
    0x0800417c   0x0800417c   0x00000006   Code   RO          324    i.cJSON_GetObjectItem  cjson.o
    0x08004182   0x08004182   0x00000016   Code   RO          341    i.cJSON_New_Item    cjson.o
    0x08004198   0x08004198   0x00000008   Code   RO          342    i.cJSON_Parse       cjson.o
    0x080041a0   0x080041a0   0x000000dc   Code   RO          344    i.cJSON_ParseWithLengthOpts  cjson.o
    0x0800427c   0x0800427c   0x00000022   Code   RO          345    i.cJSON_ParseWithOpts  cjson.o
    0x0800429e   0x0800429e   0x00000002   PAD
    0x080042a0   0x080042a0   0x0000003c   Code   RO         1117    i.check_response    main.o
    0x080042dc   0x080042dc   0x00000018   Code   RO         1118    i.delay             main.o
    0x080042f4   0x080042f4   0x00000040   Code   RO         1119    i.dht11_init        main.o
    0x08004334   0x08004334   0x00000018   Code   RO         1120    i.fputc             main.o
    0x0800434c   0x0800434c   0x0000007a   Code   RO          364    i.get_object_item   cjson.o
    0x080043c6   0x080043c6   0x00000002   PAD
    0x080043c8   0x080043c8   0x000000a8   Code   RO         1121    i.getdata           main.o
    0x08004470   0x08004470   0x00000050   Code   RO         5172    i.internal_alloc    mc_w.l(mallocr.o)
    0x080044c0   0x080044c0   0x00000012   Code   RO          222    i.lcd_clear         i2c-lcd.o
    0x080044d2   0x080044d2   0x00000078   Code   RO          223    i.lcd_init          i2c-lcd.o
    0x0800454a   0x0800454a   0x0000002c   Code   RO          224    i.lcd_put_cur       i2c-lcd.o
    0x08004576   0x08004576   0x00000002   PAD
    0x08004578   0x08004578   0x00000040   Code   RO          225    i.lcd_send_cmd      i2c-lcd.o
    0x080045b8   0x080045b8   0x00000040   Code   RO          226    i.lcd_send_data     i2c-lcd.o
    0x080045f8   0x080045f8   0x00000014   Code   RO          227    i.lcd_send_string   i2c-lcd.o
    0x0800460c   0x0800460c   0x00000094   Code   RO         1122    i.lcdnode1          main.o
    0x080046a0   0x080046a0   0x00000094   Code   RO         1123    i.lcdnode2          main.o
    0x08004734   0x08004734   0x00000094   Code   RO         1124    i.lcdnode3          main.o
    0x080047c8   0x080047c8   0x000000b4   Code   RO         1125    i.main              main.o
    0x0800487c   0x0800487c   0x00000034   Code   RO           23    i.nrf24_ReadReg     nrf24l01.o
    0x080048b0   0x080048b0   0x0000002c   Code   RO           25    i.nrf24_WriteReg    nrf24l01.o
    0x080048dc   0x080048dc   0x00000038   Code   RO           26    i.nrf24_WriteRegMulti  nrf24l01.o
    0x08004914   0x08004914   0x0000012c   Code   RO           27    i.nrf24_reset       nrf24l01.o
    0x08004a40   0x08004a40   0x0000001c   Code   RO           28    i.nrfsendCmd        nrf24l01.o
    0x08004a5c   0x08004a5c   0x000000d0   Code   RO          366    i.parse_array       cjson.o
    0x08004b2c   0x08004b2c   0x00000040   Code   RO          367    i.parse_hex4        cjson.o
    0x08004b6c   0x08004b6c   0x000000f0   Code   RO          368    i.parse_number      cjson.o
    0x08004c5c   0x08004c5c   0x0000010a   Code   RO          369    i.parse_object      cjson.o
    0x08004d66   0x08004d66   0x0000010c   Code   RO          370    i.parse_string      cjson.o
    0x08004e72   0x08004e72   0x00000002   PAD
    0x08004e74   0x08004e74   0x000000fc   Code   RO          371    i.parse_value       cjson.o
    0x08004f70   0x08004f70   0x0000005c   Code   RO         1126    i.read              main.o
    0x08004fcc   0x08004fcc   0x0000006c   Code   RO         5173    i.realloc           mc_w.l(mallocr.o)
    0x08005038   0x08005038   0x00000014   Code   RO         1127    i.set_pin_input     main.o
    0x0800504c   0x0800504c   0x00000018   Code   RO         1128    i.set_pin_output    main.o
    0x08005064   0x08005064   0x0000001c   Code   RO         4877    i.strtod            m_ws.l(strtod.o)
    0x08005080   0x08005080   0x000000d2   Code   RO          380    i.utf16_literal_to_utf8  cjson.o
    0x08005152   0x08005152   0x00000010   Data   RO         4843    .constdata          system_stm32f1xx.o
    0x08005162   0x08005162   0x00000008   Data   RO         4844    .constdata          system_stm32f1xx.o
    0x0800516a   0x0800516a   0x00000081   Data   RO         5282    .constdata          mc_w.l(ctype_o.o)
    0x080051eb   0x080051eb   0x00000001   PAD
    0x080051ec   0x080051ec   0x00000004   Data   RO         5283    .constdata          mc_w.l(ctype_o.o)
    0x080051f0   0x080051f0   0x00000020   Data   RO         5318    Region$$Table       anon$$obj.o


    Execution Region RW_IRAM1 (Exec base: 0x20000000, Load base: 0x08005210, Size: 0x000008b8, Max: 0x00005000, ABSOLUTE)

    Exec Addr    Load Addr    Size         Type   Attr      Idx    E Section Name        Object

    0x20000000   0x08005210   0x00000014   Data   RW          382    .data               cjson.o
    0x20000014   0x08005224   0x0000006d   Data   RW         1130    .data               main.o
    0x20000081   0x08005291   0x00000003   PAD
    0x20000084   0x08005294   0x0000000c   Data   RW         1807    .data               stm32f1xx_hal.o
    0x20000090   0x080052a0   0x00000004   Data   RW         4845    .data               system_stm32f1xx.o
    0x20000094   0x080052a4   0x00000004   Data   RW         5242    .data               mc_w.l(stdout.o)
    0x20000098   0x080052a8   0x00000004   Data   RW         5251    .data               mc_w.l(mvars.o)
    0x2000009c   0x080052ac   0x00000004   Data   RW         5252    .data               mc_w.l(mvars.o)
    0x200000a0   0x080052b0   0x00000004   Data   RW         5256    .data               mc_w.l(errno.o)
    0x200000a4        -       0x00000210   Zero   RW         1129    .bss                main.o
    0x200002b4   0x080052b4   0x00000004   PAD
    0x200002b8        -       0x00000200   Zero   RW            2    HEAP                startup_stm32f103xb.o
    0x200004b8        -       0x00000400   Zero   RW            1    STACK               startup_stm32f103xb.o


==============================================================================

Image component sizes


      Code (inc. data)   RO Data    RW Data    ZI Data      Debug   Object Name

      2040         64          0         20          0      18016   cjson.o
       330         12          0          0          0       3182   i2c-lcd.o
      2948        526          0        109        528      19099   main.o
       826         60          0          0          0     462479   nrf24l01.o
        36          8        236          0       1536        800   startup_stm32f103xb.o
       192         28          0         12          0       6852   stm32f1xx_hal.o
       944         42          0          0          0       5388   stm32f1xx_hal_adc.o
       198         14          0          0          0      28923   stm32f1xx_hal_cortex.o
       540         40          0          0          0       4703   stm32f1xx_hal_gpio.o
      1300         32          0          0          0       8893   stm32f1xx_hal_i2c.o
       524         68          0          0          0       4210   stm32f1xx_hal_msp.o
        32          6          0          0          0        589   stm32f1xx_hal_pwr.o
      1272        100          0          0          0       5172   stm32f1xx_hal_rcc.o
       236         12          0          0          0       1380   stm32f1xx_hal_rcc_ex.o
      1672          4          0          0          0       8126   stm32f1xx_hal_spi.o
       598         28          0          0          0       6592   stm32f1xx_hal_tim.o
       104         12          0          0          0       1320   stm32f1xx_hal_tim_ex.o
       560          6          0          0          0       3928   stm32f1xx_hal_uart.o
        44          0          0          0          0       5566   stm32f1xx_it.o
         2          0         24          4          0       1107   system_stm32f1xx.o

    ----------------------------------------------------------------------
     14430       1062        292        148       2068     596325   Object Totals
         0          0         32          0          0          0   (incl. Generated)
        32          0          0          3          4          0   (incl. Padding)

    ----------------------------------------------------------------------

      Code (inc. data)   RO Data    RW Data    ZI Data      Debug   Library Member Name

        28          0          0          0          0         80   strtod.o
        28          0          0          0          0         68   _chval.o
        64          0          0          0          0         84   _sgetc.o
       158          0          0          0          0         92   _strtoul.o
        26          0          0          0          0         80   atoi.o
         8          4        133          0          0         68   ctype_o.o
         0          0          0          0          0          0   entry.o
         0          0          0          0          0          0   entry10a.o
         0          0          0          0          0          0   entry11a.o
         8          4          0          0          0          0   entry2.o
         4          0          0          0          0          0   entry5.o
         0          0          0          0          0          0   entry7b.o
         0          0          0          0          0          0   entry8b.o
         8          4          0          0          0          0   entry9a.o
         8          4          0          4          0         68   errno.o
        30          0          0          0          0          0   handlers.o
        36          8          0          0          0         68   init.o
        18          0          0          0          0         76   isspace_o.o
         0          0          0          0          0          0   iusefp.o
        30          0          0          0          0         68   llshl.o
        36          0          0          0          0         68   llsshr.o
        32          0          0          0          0         68   llushr.o
       360         30          0          0          0        356   mallocr.o
        36          0          0          0          0         68   memcpya.o
        36          0          0          0          0        108   memseta.o
         0          0          0          8          0          0   mvars.o
      2308         96          0          0          0        604   printfa.o
       878         12          0          0          0        216   scanf_fp.o
         0          0          0          4          0          0   stdout.o
        24          0          0          0          0         68   strcat.o
        28          0          0          0          0         76   strcmp.o
        14          0          0          0          0         68   strlen.o
        30          0          0          0          0         80   strncmp.o
       156         12          0          0          0        120   strtod.o
       112          0          0          0          0         88   strtol.o
        12          0          0          0          0         68   tolower.o
        44          0          0          0          0         80   uidiv.o
        98          0          0          0          0         92   uldiv.o
        48          0          0          0          0         68   cdcmple.o
        48          0          0          0          0         68   cdrcmple.o
        56          0          0          0          0         88   d2f.o
       334          0          0          0          0        148   dadd.o
       222          0          0          0          0        100   ddiv.o
       186          0          0          0          0        176   depilogue.o
        62          0          0          0          0         80   dfixi.o
        48          0          0          0          0         68   dfixul.o
        24          0          0          0          0         76   dfltul.o
       228          0          0          0          0         96   dmul.o
        38          0          0          0          0         68   f2d.o
       110          0          0          0          0        168   fepilogue.o
        50          0          0          0          0         68   ffixi.o
        10          0          0          0          0         68   ffltui.o
        24          0          0          0          0         68   fscalb.o

    ----------------------------------------------------------------------
      6152        174        134         16          0       4388   Library Totals
         6          0          1          0          0          0   (incl. Padding)

    ----------------------------------------------------------------------

      Code (inc. data)   RO Data    RW Data    ZI Data      Debug   Library Name

        28          0          0          0          0         80   m_ws.l
      4630        174        133         16          0       2900   mc_w.l
      1488          0          0          0          0       1408   mf_w.l

    ----------------------------------------------------------------------
      6152        174        134         16          0       4388   Library Totals

    ----------------------------------------------------------------------

==============================================================================


      Code (inc. data)   RO Data    RW Data    ZI Data      Debug   

     20582       1236        426        164       2068     591453   Grand Totals
     20582       1236        426        164       2068     591453   ELF Image Totals
     20582       1236        426        164          0          0   ROM Totals

==============================================================================

    Total RO  Size (Code + RO Data)                21008 (  20.52kB)
    Total RW  Size (RW Data + ZI Data)              2232 (   2.18kB)
    Total ROM Size (Code + RO Data + RW Data)      21172 (  20.68kB)

==============================================================================

